Loading plugins phase: Elapsed time ==> 0s.872ms
<CYPRESSTAG name="CyDsfit arguments...">
cydsfit arguments: -.fdsnotice -.fdswarpdepfile=warp_dependencies.txt -.fdselabdepfile=elab_dependencies.txt -.fdsbldfile=generated_files.txt -.fdsreffile=referenced_files.txt -p C:\Users\Patrick\Documents\GitHub\UNCAMotorsports-2017\C-CAN\C-CAN_PSoC_DevKit\C-CAN.cydsn\C-CAN.cyprj -d CY8C5888LTI-LP097 -s C:\Users\Patrick\Documents\GitHub\UNCAMotorsports-2017\C-CAN\C-CAN_PSoC_DevKit\C-CAN.cydsn\Generated_Source\PSoC5 -- -yv2 -q10 -ygs -o2 -v3 -.fftcfgtype=LE</CYPRESSTAG>
<CYPRESSTAG name="Design elaboration results...">
</CYPRESSTAG>
Elaboration phase: Elapsed time ==> 4s.750ms
<CYPRESSTAG name="HDL generation results...">
</CYPRESSTAG>
HDL generation phase: Elapsed time ==> 0s.220ms
<CYPRESSTAG name="Synthesis results...">

     | | | | | | |
   _________________
  -|               |-
  -|               |-
  -|               |-
  -|    CYPRESS    |-
  -|               |-
  -|               |-   Warp Verilog Synthesis Compiler: Version 6.3 IR 41
  -|               |-   Copyright (C) 1991-2001 Cypress Semiconductor
   |_______________|
     | | | | | | |

======================================================================
Compiling:  C-CAN.v
Program  :   C:\Program Files (x86)\Cypress\PSoC Creator\4.0\PSoC Creator\warp\bin\warp.exe
Options  :    -yv2 -q10 -ygs -o2 -v3 -.fftcfgtype=LE -ya -.fftprj=C:\Users\Patrick\Documents\GitHub\UNCAMotorsports-2017\C-CAN\C-CAN_PSoC_DevKit\C-CAN.cydsn\C-CAN.cyprj -dcpsoc3 C-CAN.v -verilog
======================================================================

======================================================================
Compiling:  C-CAN.v
Program  :   C:\Program Files (x86)\Cypress\PSoC Creator\4.0\PSoC Creator\warp\bin\warp.exe
Options  :    -yv2 -q10 -ygs -o2 -v3 -.fftcfgtype=LE -ya -.fftprj=C:\Users\Patrick\Documents\GitHub\UNCAMotorsports-2017\C-CAN\C-CAN_PSoC_DevKit\C-CAN.cydsn\C-CAN.cyprj -dcpsoc3 C-CAN.v -verilog
======================================================================

======================================================================
Compiling:  C-CAN.v
Program  :   vlogfe
Options  :    -yv2 -q10 -ygs -o2 -v3 -.fftcfgtype=LE -ya -.fftprj=C:\Users\Patrick\Documents\GitHub\UNCAMotorsports-2017\C-CAN\C-CAN_PSoC_DevKit\C-CAN.cydsn\C-CAN.cyprj -dcpsoc3 -verilog C-CAN.v
======================================================================

vlogfe V6.3 IR 41:  Verilog parser
Mon Sep 11 17:01:38 2017


======================================================================
Compiling:  C-CAN.v
Program  :   vpp
Options  :    -yv2 -q10 C-CAN.v
======================================================================

vpp V6.3 IR 41:  Verilog Pre-Processor
Mon Sep 11 17:01:39 2017

Flattening file 'C:\Program Files (x86)\Cypress\PSoC Creator\4.0\PSoC Creator\psoc\content\cyprimitives\CyPrimitives.cylib\or_v1_0\or_v1_0.v'
Flattening file 'C:\Program Files (x86)\Cypress\PSoC Creator\4.0\PSoC Creator\psoc\content\cyprimitives\CyPrimitives.cylib\ZeroTerminal\ZeroTerminal.v'
Flattening file 'C:\Program Files (x86)\Cypress\PSoC Creator\4.0\PSoC Creator\psoc\content\cycomponentlibrary\CyComponentLibrary.cylib\AMuxHw_v1_50\AMuxHw_v1_50.v'
Flattening file 'C:\Program Files (x86)\Cypress\PSoC Creator\4.0\PSoC Creator\warp\lib\common\cypress.v'
Flattening file 'C:\Program Files (x86)\Cypress\PSoC Creator\4.0\PSoC Creator\warp\lib\common\cy_psoc3_inc.v'
Flattening file 'C:\Program Files (x86)\Cypress\PSoC Creator\4.0\PSoC Creator\psoc\content\cyprimitives\CyPrimitives.cylib\cy_analog_virtualmux_v1_0\cy_analog_virtualmux_v1_0.v'
Flattening file 'C:\Program Files (x86)\Cypress\PSoC Creator\4.0\PSoC Creator\psoc\content\cyprimitives\CyPrimitives.cylib\cy_virtualmux_v1_0\cy_virtualmux_v1_0.v'
Flattening file 'C:\Program Files (x86)\Cypress\PSoC Creator\4.0\PSoC Creator\psoc\content\cyprimitives\CyPrimitives.cylib\cy_vref_v1_60\cy_vref_v1_60.v'
Flattening file 'C:\Program Files (x86)\Cypress\PSoC Creator\4.0\PSoC Creator\psoc\content\cyprimitives\CyPrimitives.cylib\cy_constant_v1_0\cy_constant_v1_0.v'
Flattening file 'C:\Program Files (x86)\Cypress\PSoC Creator\4.0\PSoC Creator\psoc\content\cycomponentlibrary\CyComponentLibrary.cylib\BasicCounter_v1_0\BasicCounter_v1_0.v'
Flattening file 'C:\Program Files (x86)\Cypress\PSoC Creator\4.0\PSoC Creator\warp\lib\common\cypress.v'
Flattening file 'C:\Program Files (x86)\Cypress\PSoC Creator\4.0\PSoC Creator\psoc\content\cyprimitives\CyPrimitives.cylib\CyControlReg_v1_80\CyControlReg_v1_80.v'
Flattening file 'C:\Program Files (x86)\Cypress\PSoC Creator\4.0\PSoC Creator\warp\lib\common\cypress.v'

vpp:  No errors.

Library 'work' => directory 'lcpsoc3'
General_symbol_table
General_symbol_table
Linking 'C:\Program Files (x86)\Cypress\PSoC Creator\4.0\PSoC Creator\warp\lib\common\std.vhd'.
Linking 'C:\Program Files (x86)\Cypress\PSoC Creator\4.0\PSoC Creator\warp\lib\common\cypress.vhd'.
Linking 'C:\Program Files (x86)\Cypress\PSoC Creator\4.0\PSoC Creator\warp\lib\common\work\cypress.vif'.
Linking 'C:\Program Files (x86)\Cypress\PSoC Creator\4.0\PSoC Creator\warp\lib\ieee\work\stdlogic.vif'.
Linking 'C:\Program Files (x86)\Cypress\PSoC Creator\4.0\PSoC Creator\warp\lib\common\stdlogic\lpmpkg.vif'.
Linking 'C:\Program Files (x86)\Cypress\PSoC Creator\4.0\PSoC Creator\warp\lib\common\stdlogic\rtlpkg.vif'.
Linking 'C:\Program Files (x86)\Cypress\PSoC Creator\4.0\PSoC Creator\warp\lib\common\stdlogic\mod_cnst.vif'.
Linking 'C:\Program Files (x86)\Cypress\PSoC Creator\4.0\PSoC Creator\warp\lib\common\stdlogic\mod_mthv.vif'.
Linking 'C:\Program Files (x86)\Cypress\PSoC Creator\4.0\PSoC Creator\warp\lib\common\stdlogic\mod_genv.vif'.
Using control file 'C-CAN.ctl'.
C:\Program Files (x86)\Cypress\PSoC Creator\4.0\PSoC Creator\psoc\content\cycomponentlibrary\CyComponentLibrary.cylib\BasicCounter_v1_0\BasicCounter_v1_0.v (line 59, col 28):  Note: Substituting module 'add_vi_vv' for '+'.
C-CAN.v (line 999, col 79):  Note: Substituting module 'cmp_vv_vv' for '='.

vlogfe:  No errors.


======================================================================
Compiling:  C-CAN.v
Program  :   tovif
Options  :    -yv2 -q10 -ygs -o2 -v3 -.fftcfgtype=LE -ya -.fftprj=C:\Users\Patrick\Documents\GitHub\UNCAMotorsports-2017\C-CAN\C-CAN_PSoC_DevKit\C-CAN.cydsn\C-CAN.cyprj -dcpsoc3 -verilog C-CAN.v
======================================================================

tovif V6.3 IR 41:  High-level synthesis
Mon Sep 11 17:01:39 2017

Linking 'C:\Program Files (x86)\Cypress\PSoC Creator\4.0\PSoC Creator\warp\lib\common\std.vhd'.
Linking 'C:\Program Files (x86)\Cypress\PSoC Creator\4.0\PSoC Creator\warp\lib\common\cypress.vhd'.
Linking 'C:\Program Files (x86)\Cypress\PSoC Creator\4.0\PSoC Creator\warp\lib\common\work\cypress.vif'.
Linking 'C:\Program Files (x86)\Cypress\PSoC Creator\4.0\PSoC Creator\warp\lib\ieee\work\stdlogic.vif'.
Linking 'C:\Program Files (x86)\Cypress\PSoC Creator\4.0\PSoC Creator\warp\lib\common\stdlogic\lpmpkg.vif'.
Linking 'C:\Program Files (x86)\Cypress\PSoC Creator\4.0\PSoC Creator\warp\lib\common\stdlogic\rtlpkg.vif'.
Linking 'C:\Program Files (x86)\Cypress\PSoC Creator\4.0\PSoC Creator\warp\lib\common\stdlogic\mod_cnst.vif'.
Linking 'C:\Program Files (x86)\Cypress\PSoC Creator\4.0\PSoC Creator\warp\lib\common\stdlogic\mod_mthv.vif'.
Linking 'C:\Program Files (x86)\Cypress\PSoC Creator\4.0\PSoC Creator\warp\lib\common\stdlogic\mod_genv.vif'.
Linking 'C:\Users\Patrick\Documents\GitHub\UNCAMotorsports-2017\C-CAN\C-CAN_PSoC_DevKit\C-CAN.cydsn\codegentemp\C-CAN.ctl'.
Linking 'C:\Program Files (x86)\Cypress\PSoC Creator\4.0\PSoC Creator\psoc\content\cyprimitives\CyPrimitives.cylib\or_v1_0\or_v1_0.v'.
Linking 'C:\Users\Patrick\Documents\GitHub\UNCAMotorsports-2017\C-CAN\C-CAN_PSoC_DevKit\C-CAN.cydsn\codegentemp\C-CAN.v'.
Linking 'C:\Program Files (x86)\Cypress\PSoC Creator\4.0\PSoC Creator\psoc\content\cyprimitives\CyPrimitives.cylib\ZeroTerminal\ZeroTerminal.v'.
Linking 'C:\Program Files (x86)\Cypress\PSoC Creator\4.0\PSoC Creator\psoc\content\cycomponentlibrary\CyComponentLibrary.cylib\AMuxHw_v1_50\AMuxHw_v1_50.v'.
Linking 'C:\Program Files (x86)\Cypress\PSoC Creator\4.0\PSoC Creator\warp\lib\common\cypress.v'.
Linking 'C:\Program Files (x86)\Cypress\PSoC Creator\4.0\PSoC Creator\warp\lib\common\cy_psoc3_inc.v'.
Linking 'C:\Program Files (x86)\Cypress\PSoC Creator\4.0\PSoC Creator\psoc\content\cyprimitives\CyPrimitives.cylib\cy_analog_virtualmux_v1_0\cy_analog_virtualmux_v1_0.v'.
Linking 'C:\Program Files (x86)\Cypress\PSoC Creator\4.0\PSoC Creator\psoc\content\cyprimitives\CyPrimitives.cylib\cy_virtualmux_v1_0\cy_virtualmux_v1_0.v'.
Linking 'C:\Program Files (x86)\Cypress\PSoC Creator\4.0\PSoC Creator\psoc\content\cyprimitives\CyPrimitives.cylib\cy_vref_v1_60\cy_vref_v1_60.v'.
Linking 'C:\Program Files (x86)\Cypress\PSoC Creator\4.0\PSoC Creator\psoc\content\cyprimitives\CyPrimitives.cylib\cy_constant_v1_0\cy_constant_v1_0.v'.
Linking 'C:\Program Files (x86)\Cypress\PSoC Creator\4.0\PSoC Creator\psoc\content\cycomponentlibrary\CyComponentLibrary.cylib\BasicCounter_v1_0\BasicCounter_v1_0.v'.
Linking 'C:\Program Files (x86)\Cypress\PSoC Creator\4.0\PSoC Creator\psoc\content\cyprimitives\CyPrimitives.cylib\CyControlReg_v1_80\CyControlReg_v1_80.v'.
Linking 'C:\Program Files (x86)\Cypress\PSoC Creator\4.0\PSoC Creator\warp\lib\lcpsoc3\stdlogic\mod_cnst.vif'.
Linking 'C:\Program Files (x86)\Cypress\PSoC Creator\4.0\PSoC Creator\warp\lib\common\stdlogic\mcompare.vif'.

tovif:  No errors.


======================================================================
Compiling:  C-CAN.v
Program  :   topld
Options  :    -yv2 -q10 -ygs -o2 -v3 -.fftcfgtype=LE -ya -.fftprj=C:\Users\Patrick\Documents\GitHub\UNCAMotorsports-2017\C-CAN\C-CAN_PSoC_DevKit\C-CAN.cydsn\C-CAN.cyprj -dcpsoc3 -verilog C-CAN.v
======================================================================

topld V6.3 IR 41:  Synthesis and optimization
Mon Sep 11 17:01:40 2017

Linking 'C:\Program Files (x86)\Cypress\PSoC Creator\4.0\PSoC Creator\warp\lib\common\std.vhd'.
Linking 'C:\Program Files (x86)\Cypress\PSoC Creator\4.0\PSoC Creator\warp\lib\common\cypress.vhd'.
Linking 'C:\Program Files (x86)\Cypress\PSoC Creator\4.0\PSoC Creator\warp\lib\common\work\cypress.vif'.
Linking 'C:\Program Files (x86)\Cypress\PSoC Creator\4.0\PSoC Creator\warp\lib\ieee\work\stdlogic.vif'.
Linking 'C:\Program Files (x86)\Cypress\PSoC Creator\4.0\PSoC Creator\warp\lib\common\stdlogic\lpmpkg.vif'.
Linking 'C:\Program Files (x86)\Cypress\PSoC Creator\4.0\PSoC Creator\warp\lib\common\stdlogic\rtlpkg.vif'.
Linking 'C:\Program Files (x86)\Cypress\PSoC Creator\4.0\PSoC Creator\warp\lib\common\stdlogic\mod_cnst.vif'.
Linking 'C:\Program Files (x86)\Cypress\PSoC Creator\4.0\PSoC Creator\warp\lib\common\stdlogic\mod_mthv.vif'.
Linking 'C:\Program Files (x86)\Cypress\PSoC Creator\4.0\PSoC Creator\warp\lib\common\stdlogic\mod_genv.vif'.
Linking 'C:\Users\Patrick\Documents\GitHub\UNCAMotorsports-2017\C-CAN\C-CAN_PSoC_DevKit\C-CAN.cydsn\codegentemp\C-CAN.ctl'.
Linking 'C:\Program Files (x86)\Cypress\PSoC Creator\4.0\PSoC Creator\psoc\content\cyprimitives\CyPrimitives.cylib\or_v1_0\or_v1_0.v'.
Linking 'C:\Users\Patrick\Documents\GitHub\UNCAMotorsports-2017\C-CAN\C-CAN_PSoC_DevKit\C-CAN.cydsn\codegentemp\C-CAN.v'.
Linking 'C:\Program Files (x86)\Cypress\PSoC Creator\4.0\PSoC Creator\psoc\content\cyprimitives\CyPrimitives.cylib\ZeroTerminal\ZeroTerminal.v'.
Linking 'C:\Program Files (x86)\Cypress\PSoC Creator\4.0\PSoC Creator\psoc\content\cycomponentlibrary\CyComponentLibrary.cylib\AMuxHw_v1_50\AMuxHw_v1_50.v'.
Linking 'C:\Program Files (x86)\Cypress\PSoC Creator\4.0\PSoC Creator\warp\lib\common\cypress.v'.
Linking 'C:\Program Files (x86)\Cypress\PSoC Creator\4.0\PSoC Creator\warp\lib\common\cy_psoc3_inc.v'.
Linking 'C:\Program Files (x86)\Cypress\PSoC Creator\4.0\PSoC Creator\psoc\content\cyprimitives\CyPrimitives.cylib\cy_analog_virtualmux_v1_0\cy_analog_virtualmux_v1_0.v'.
Linking 'C:\Program Files (x86)\Cypress\PSoC Creator\4.0\PSoC Creator\psoc\content\cyprimitives\CyPrimitives.cylib\cy_virtualmux_v1_0\cy_virtualmux_v1_0.v'.
Linking 'C:\Program Files (x86)\Cypress\PSoC Creator\4.0\PSoC Creator\psoc\content\cyprimitives\CyPrimitives.cylib\cy_vref_v1_60\cy_vref_v1_60.v'.
Linking 'C:\Program Files (x86)\Cypress\PSoC Creator\4.0\PSoC Creator\psoc\content\cyprimitives\CyPrimitives.cylib\cy_constant_v1_0\cy_constant_v1_0.v'.
Linking 'C:\Program Files (x86)\Cypress\PSoC Creator\4.0\PSoC Creator\psoc\content\cycomponentlibrary\CyComponentLibrary.cylib\BasicCounter_v1_0\BasicCounter_v1_0.v'.
Linking 'C:\Program Files (x86)\Cypress\PSoC Creator\4.0\PSoC Creator\psoc\content\cyprimitives\CyPrimitives.cylib\CyControlReg_v1_80\CyControlReg_v1_80.v'.
Linking 'C:\Program Files (x86)\Cypress\PSoC Creator\4.0\PSoC Creator\warp\lib\lcpsoc3\stdlogic\mod_cnst.vif'.
Linking 'C:\Program Files (x86)\Cypress\PSoC Creator\4.0\PSoC Creator\warp\lib\common\stdlogic\mcompare.vif'.
Linking 'C:\Program Files (x86)\Cypress\PSoC Creator\4.0\PSoC Creator\warp\lib\lcpsoc3\stdlogic\cpsoc3.vif'.

----------------------------------------------------------
Detecting unused logic.
----------------------------------------------------------
    User names
	\CAN_1:Net_31\
	\CAN_1:Net_30\
	\ADC_SAR_1:Net_221\
	\ADC_SAR_1:Net_381\
	\BasicCounter:MODULE_1:b_31\
	\BasicCounter:MODULE_1:b_30\
	\BasicCounter:MODULE_1:b_29\
	\BasicCounter:MODULE_1:b_28\
	\BasicCounter:MODULE_1:b_27\
	\BasicCounter:MODULE_1:b_26\
	\BasicCounter:MODULE_1:b_25\
	\BasicCounter:MODULE_1:b_24\
	\BasicCounter:MODULE_1:b_23\
	\BasicCounter:MODULE_1:b_22\
	\BasicCounter:MODULE_1:b_21\
	\BasicCounter:MODULE_1:b_20\
	\BasicCounter:MODULE_1:b_19\
	\BasicCounter:MODULE_1:b_18\
	\BasicCounter:MODULE_1:b_17\
	\BasicCounter:MODULE_1:b_16\
	\BasicCounter:MODULE_1:b_15\
	\BasicCounter:MODULE_1:b_14\
	\BasicCounter:MODULE_1:b_13\
	\BasicCounter:MODULE_1:b_12\
	\BasicCounter:MODULE_1:b_11\
	\BasicCounter:MODULE_1:b_10\
	\BasicCounter:MODULE_1:b_9\
	\BasicCounter:MODULE_1:b_8\
	\BasicCounter:MODULE_1:b_7\
	\BasicCounter:MODULE_1:b_6\
	\BasicCounter:MODULE_1:b_5\
	\BasicCounter:MODULE_1:b_4\
	\BasicCounter:MODULE_1:b_3\
	\BasicCounter:MODULE_1:b_2\
	\BasicCounter:MODULE_1:b_1\
	\BasicCounter:MODULE_1:b_0\
	\BasicCounter:MODULE_1:g2:a0:a_31\
	\BasicCounter:MODULE_1:g2:a0:a_30\
	\BasicCounter:MODULE_1:g2:a0:a_29\
	\BasicCounter:MODULE_1:g2:a0:a_28\
	\BasicCounter:MODULE_1:g2:a0:a_27\
	\BasicCounter:MODULE_1:g2:a0:a_26\
	\BasicCounter:MODULE_1:g2:a0:a_25\
	\BasicCounter:MODULE_1:g2:a0:a_24\
	\BasicCounter:MODULE_1:g2:a0:b_31\
	\BasicCounter:MODULE_1:g2:a0:b_30\
	\BasicCounter:MODULE_1:g2:a0:b_29\
	\BasicCounter:MODULE_1:g2:a0:b_28\
	\BasicCounter:MODULE_1:g2:a0:b_27\
	\BasicCounter:MODULE_1:g2:a0:b_26\
	\BasicCounter:MODULE_1:g2:a0:b_25\
	\BasicCounter:MODULE_1:g2:a0:b_24\
	\BasicCounter:MODULE_1:g2:a0:b_23\
	\BasicCounter:MODULE_1:g2:a0:b_22\
	\BasicCounter:MODULE_1:g2:a0:b_21\
	\BasicCounter:MODULE_1:g2:a0:b_20\
	\BasicCounter:MODULE_1:g2:a0:b_19\
	\BasicCounter:MODULE_1:g2:a0:b_18\
	\BasicCounter:MODULE_1:g2:a0:b_17\
	\BasicCounter:MODULE_1:g2:a0:b_16\
	\BasicCounter:MODULE_1:g2:a0:b_15\
	\BasicCounter:MODULE_1:g2:a0:b_14\
	\BasicCounter:MODULE_1:g2:a0:b_13\
	\BasicCounter:MODULE_1:g2:a0:b_12\
	\BasicCounter:MODULE_1:g2:a0:b_11\
	\BasicCounter:MODULE_1:g2:a0:b_10\
	\BasicCounter:MODULE_1:g2:a0:b_9\
	\BasicCounter:MODULE_1:g2:a0:b_8\
	\BasicCounter:MODULE_1:g2:a0:b_7\
	\BasicCounter:MODULE_1:g2:a0:b_6\
	\BasicCounter:MODULE_1:g2:a0:b_5\
	\BasicCounter:MODULE_1:g2:a0:b_4\
	\BasicCounter:MODULE_1:g2:a0:b_3\
	\BasicCounter:MODULE_1:g2:a0:b_2\
	\BasicCounter:MODULE_1:g2:a0:b_1\
	\BasicCounter:MODULE_1:g2:a0:b_0\
	\BasicCounter:MODULE_1:g2:a0:s_31\
	\BasicCounter:MODULE_1:g2:a0:s_30\
	\BasicCounter:MODULE_1:g2:a0:s_29\
	\BasicCounter:MODULE_1:g2:a0:s_28\
	\BasicCounter:MODULE_1:g2:a0:s_27\
	\BasicCounter:MODULE_1:g2:a0:s_26\
	\BasicCounter:MODULE_1:g2:a0:s_25\
	\BasicCounter:MODULE_1:g2:a0:s_24\
	\BasicCounter:MODULE_1:g2:a0:s_23\
	\BasicCounter:MODULE_1:g2:a0:s_22\
	\BasicCounter:MODULE_1:g2:a0:s_21\
	\BasicCounter:MODULE_1:g2:a0:s_20\
	\BasicCounter:MODULE_1:g2:a0:s_19\
	\BasicCounter:MODULE_1:g2:a0:s_18\
	\BasicCounter:MODULE_1:g2:a0:s_17\
	\BasicCounter:MODULE_1:g2:a0:s_16\
	\BasicCounter:MODULE_1:g2:a0:s_15\
	\BasicCounter:MODULE_1:g2:a0:s_14\
	\BasicCounter:MODULE_1:g2:a0:s_13\
	\BasicCounter:MODULE_1:g2:a0:s_12\
	\BasicCounter:MODULE_1:g2:a0:s_11\
	\BasicCounter:MODULE_1:g2:a0:s_10\
	\BasicCounter:MODULE_1:g2:a0:s_9\
	\BasicCounter:MODULE_1:g2:a0:s_8\
	\BasicCounter:MODULE_1:g2:a0:s_7\
	\BasicCounter:MODULE_1:g2:a0:s_6\
	\BasicCounter:MODULE_1:g2:a0:s_5\
	\BasicCounter:MODULE_1:g2:a0:s_4\
	\BasicCounter:MODULE_1:g2:a0:s_3\
	\BasicCounter:MODULE_1:g2:a0:s_2\
	\BasicCounter:MODULE_1:g2:a0:g1:z1:s0:g1:u0:c_31\
	\BasicCounter:MODULE_1:g2:a0:g1:z1:s0:g1:u0:c_30\
	\BasicCounter:MODULE_1:g2:a0:g1:z1:s0:g1:u0:c_29\
	\BasicCounter:MODULE_1:g2:a0:g1:z1:s0:g1:u0:c_28\
	\BasicCounter:MODULE_1:g2:a0:g1:z1:s0:g1:u0:c_27\
	\BasicCounter:MODULE_1:g2:a0:g1:z1:s0:g1:u0:c_26\
	\BasicCounter:MODULE_1:g2:a0:g1:z1:s0:g1:u0:c_25\
	Net_1656
	\Port_for_fun:control_out_0\
	Net_1653
	\Port_for_fun:control_out_1\
	Net_1654
	\Port_for_fun:control_out_2\
	Net_1655
	\Port_for_fun:control_out_3\
	Net_1657
	\Port_for_fun:control_out_4\
	Net_1658
	\Port_for_fun:control_out_5\
	Net_1659
	\Port_for_fun:control_out_6\
	Net_1660
	\Port_for_fun:control_out_7\
	\MODULE_2:g1:a0:gx:u0:albi_1\
	\MODULE_2:g1:a0:gx:u0:agbi_1\
	\MODULE_2:g1:a0:gx:u0:lt_0\
	\MODULE_2:g1:a0:gx:u0:gt_0\
	\MODULE_2:g1:a0:gx:u0:lt_1\
	\MODULE_2:g1:a0:gx:u0:gt_1\
	\MODULE_2:g1:a0:gx:u0:lti_0\
	\MODULE_2:g1:a0:gx:u0:gti_0\
	\MODULE_2:g1:a0:gx:u0:albi_0\
	\MODULE_2:g1:a0:gx:u0:agbi_0\
	\MODULE_2:g1:a0:xneq\
	\MODULE_2:g1:a0:xlt\
	\MODULE_2:g1:a0:xlte\
	\MODULE_2:g1:a0:xgt\
	\MODULE_2:g1:a0:xgte\
	\MODULE_2:lt\
	\MODULE_2:gt\
	\MODULE_2:gte\
	\MODULE_2:lte\
	\MODULE_2:neq\

    Synthesized names
	\BasicCounter:add_vi_vv_MODGEN_2_31\
	\BasicCounter:add_vi_vv_MODGEN_2_30\
	\BasicCounter:add_vi_vv_MODGEN_2_29\
	\BasicCounter:add_vi_vv_MODGEN_2_28\
	\BasicCounter:add_vi_vv_MODGEN_2_27\
	\BasicCounter:add_vi_vv_MODGEN_2_26\
	\BasicCounter:add_vi_vv_MODGEN_2_25\
	\BasicCounter:add_vi_vv_MODGEN_2_24\
	\BasicCounter:add_vi_vv_MODGEN_2_23\
	\BasicCounter:add_vi_vv_MODGEN_2_22\
	\BasicCounter:add_vi_vv_MODGEN_2_21\
	\BasicCounter:add_vi_vv_MODGEN_2_20\
	\BasicCounter:add_vi_vv_MODGEN_2_19\
	\BasicCounter:add_vi_vv_MODGEN_2_18\
	\BasicCounter:add_vi_vv_MODGEN_2_17\
	\BasicCounter:add_vi_vv_MODGEN_2_16\
	\BasicCounter:add_vi_vv_MODGEN_2_15\
	\BasicCounter:add_vi_vv_MODGEN_2_14\
	\BasicCounter:add_vi_vv_MODGEN_2_13\
	\BasicCounter:add_vi_vv_MODGEN_2_12\
	\BasicCounter:add_vi_vv_MODGEN_2_11\
	\BasicCounter:add_vi_vv_MODGEN_2_10\
	\BasicCounter:add_vi_vv_MODGEN_2_9\
	\BasicCounter:add_vi_vv_MODGEN_2_8\
	\BasicCounter:add_vi_vv_MODGEN_2_7\
	\BasicCounter:add_vi_vv_MODGEN_2_6\
	\BasicCounter:add_vi_vv_MODGEN_2_5\
	\BasicCounter:add_vi_vv_MODGEN_2_4\
	\BasicCounter:add_vi_vv_MODGEN_2_3\
	\BasicCounter:add_vi_vv_MODGEN_2_2\

Deleted 149 User equations/components.
Deleted 30 Synthesized equations/components.

------------------------------------------------------
Alias Detection
------------------------------------------------------
Aliasing one to tmpOE__three_net_0
Aliasing tmpOE__one_net_0 to tmpOE__three_net_0
Aliasing tmpOE__four_net_0 to tmpOE__three_net_0
Aliasing tmpOE__two_net_0 to tmpOE__three_net_0
Aliasing tmpOE__RX_2_net_0 to tmpOE__three_net_0
Aliasing tmpOE__TX_2_net_0 to tmpOE__three_net_0
Aliasing AMux_1_Decoder_enable to tmpOE__three_net_0
Aliasing \ADC_SAR_1:vp_ctl_0\ to zero
Aliasing \ADC_SAR_1:vp_ctl_2\ to zero
Aliasing \ADC_SAR_1:vn_ctl_1\ to zero
Aliasing \ADC_SAR_1:vn_ctl_3\ to zero
Aliasing \ADC_SAR_1:vp_ctl_1\ to zero
Aliasing \ADC_SAR_1:vp_ctl_3\ to zero
Aliasing \ADC_SAR_1:vn_ctl_0\ to zero
Aliasing \ADC_SAR_1:vn_ctl_2\ to zero
Aliasing \ADC_SAR_1:soc\ to zero
Aliasing \ADC_SAR_1:tmpOE__Bypass_net_0\ to tmpOE__three_net_0
Aliasing Net_1539 to zero
Aliasing Net_1541 to tmpOE__three_net_0
Aliasing \BasicCounter:MODULE_1:g2:a0:a_23\ to zero
Aliasing \BasicCounter:MODULE_1:g2:a0:a_22\ to zero
Aliasing \BasicCounter:MODULE_1:g2:a0:a_21\ to zero
Aliasing \BasicCounter:MODULE_1:g2:a0:a_20\ to zero
Aliasing \BasicCounter:MODULE_1:g2:a0:a_19\ to zero
Aliasing \BasicCounter:MODULE_1:g2:a0:a_18\ to zero
Aliasing \BasicCounter:MODULE_1:g2:a0:a_17\ to zero
Aliasing \BasicCounter:MODULE_1:g2:a0:a_16\ to zero
Aliasing \BasicCounter:MODULE_1:g2:a0:a_15\ to zero
Aliasing \BasicCounter:MODULE_1:g2:a0:a_14\ to zero
Aliasing \BasicCounter:MODULE_1:g2:a0:a_13\ to zero
Aliasing \BasicCounter:MODULE_1:g2:a0:a_12\ to zero
Aliasing \BasicCounter:MODULE_1:g2:a0:a_11\ to zero
Aliasing \BasicCounter:MODULE_1:g2:a0:a_10\ to zero
Aliasing \BasicCounter:MODULE_1:g2:a0:a_9\ to zero
Aliasing \BasicCounter:MODULE_1:g2:a0:a_8\ to zero
Aliasing \BasicCounter:MODULE_1:g2:a0:a_7\ to zero
Aliasing \BasicCounter:MODULE_1:g2:a0:a_6\ to zero
Aliasing \BasicCounter:MODULE_1:g2:a0:a_5\ to zero
Aliasing \BasicCounter:MODULE_1:g2:a0:a_4\ to zero
Aliasing \BasicCounter:MODULE_1:g2:a0:a_3\ to zero
Aliasing \BasicCounter:MODULE_1:g2:a0:a_2\ to zero
Aliasing \BasicCounter:MODULE_1:g2:a0:g1:z1:s0:g1:u0:b_0\ to tmpOE__three_net_0
Aliasing \Port_for_fun:clk\ to zero
Aliasing \Port_for_fun:rst\ to zero
Aliasing MODIN2_1 to \BasicCounter:MODIN1_1\
Aliasing MODIN2_0 to \BasicCounter:MODIN1_0\
Aliasing \MODULE_2:g1:a0:gx:u0:aeqb_0\ to tmpOE__three_net_0
Aliasing AMux_1_Decoder_old_id_1D to \BasicCounter:MODIN1_1\
Aliasing AMux_1_Decoder_old_id_0D to \BasicCounter:MODIN1_0\
Removing Lhs of wire one[7] = tmpOE__three_net_0[1]
Removing Lhs of wire tmpOE__one_net_0[10] = tmpOE__three_net_0[1]
Removing Lhs of wire tmpOE__four_net_0[17] = tmpOE__three_net_0[1]
Removing Lhs of wire tmpOE__two_net_0[24] = tmpOE__three_net_0[1]
Removing Lhs of wire tmpOE__RX_2_net_0[31] = tmpOE__three_net_0[1]
Removing Lhs of wire tmpOE__TX_2_net_0[37] = tmpOE__three_net_0[1]
Removing Lhs of wire AMux_1_Decoder_enable[51] = tmpOE__three_net_0[1]
Removing Lhs of wire cmp_vv_vv_MODGEN_1[53] = \MODULE_2:g1:a0:xeq\[385]
Removing Lhs of wire \ADC_SAR_1:vp_ctl_0\[70] = zero[2]
Removing Lhs of wire \ADC_SAR_1:vp_ctl_2\[71] = zero[2]
Removing Lhs of wire \ADC_SAR_1:vn_ctl_1\[72] = zero[2]
Removing Lhs of wire \ADC_SAR_1:vn_ctl_3\[73] = zero[2]
Removing Lhs of wire \ADC_SAR_1:vp_ctl_1\[74] = zero[2]
Removing Lhs of wire \ADC_SAR_1:vp_ctl_3\[75] = zero[2]
Removing Lhs of wire \ADC_SAR_1:vn_ctl_0\[76] = zero[2]
Removing Lhs of wire \ADC_SAR_1:vn_ctl_2\[77] = zero[2]
Removing Lhs of wire \ADC_SAR_1:Net_188\[78] = Net_1524[54]
Removing Lhs of wire \ADC_SAR_1:soc\[83] = zero[2]
Removing Lhs of wire \ADC_SAR_1:tmpOE__Bypass_net_0\[101] = tmpOE__three_net_0[1]
Removing Lhs of wire Net_1539[119] = zero[2]
Removing Lhs of wire Net_1541[120] = tmpOE__three_net_0[1]
Removing Lhs of wire \BasicCounter:add_vi_vv_MODGEN_2_1\[121] = \BasicCounter:MODULE_1:g2:a0:s_1\[281]
Removing Lhs of wire \BasicCounter:add_vi_vv_MODGEN_2_0\[122] = \BasicCounter:MODULE_1:g2:a0:s_0\[282]
Removing Lhs of wire \BasicCounter:MODULE_1:g2:a0:a_23\[163] = zero[2]
Removing Lhs of wire \BasicCounter:MODULE_1:g2:a0:a_22\[164] = zero[2]
Removing Lhs of wire \BasicCounter:MODULE_1:g2:a0:a_21\[165] = zero[2]
Removing Lhs of wire \BasicCounter:MODULE_1:g2:a0:a_20\[166] = zero[2]
Removing Lhs of wire \BasicCounter:MODULE_1:g2:a0:a_19\[167] = zero[2]
Removing Lhs of wire \BasicCounter:MODULE_1:g2:a0:a_18\[168] = zero[2]
Removing Lhs of wire \BasicCounter:MODULE_1:g2:a0:a_17\[169] = zero[2]
Removing Lhs of wire \BasicCounter:MODULE_1:g2:a0:a_16\[170] = zero[2]
Removing Lhs of wire \BasicCounter:MODULE_1:g2:a0:a_15\[171] = zero[2]
Removing Lhs of wire \BasicCounter:MODULE_1:g2:a0:a_14\[172] = zero[2]
Removing Lhs of wire \BasicCounter:MODULE_1:g2:a0:a_13\[173] = zero[2]
Removing Lhs of wire \BasicCounter:MODULE_1:g2:a0:a_12\[174] = zero[2]
Removing Lhs of wire \BasicCounter:MODULE_1:g2:a0:a_11\[175] = zero[2]
Removing Lhs of wire \BasicCounter:MODULE_1:g2:a0:a_10\[176] = zero[2]
Removing Lhs of wire \BasicCounter:MODULE_1:g2:a0:a_9\[177] = zero[2]
Removing Lhs of wire \BasicCounter:MODULE_1:g2:a0:a_8\[178] = zero[2]
Removing Lhs of wire \BasicCounter:MODULE_1:g2:a0:a_7\[179] = zero[2]
Removing Lhs of wire \BasicCounter:MODULE_1:g2:a0:a_6\[180] = zero[2]
Removing Lhs of wire \BasicCounter:MODULE_1:g2:a0:a_5\[181] = zero[2]
Removing Lhs of wire \BasicCounter:MODULE_1:g2:a0:a_4\[182] = zero[2]
Removing Lhs of wire \BasicCounter:MODULE_1:g2:a0:a_3\[183] = zero[2]
Removing Lhs of wire \BasicCounter:MODULE_1:g2:a0:a_2\[184] = zero[2]
Removing Lhs of wire \BasicCounter:MODULE_1:g2:a0:a_1\[185] = \BasicCounter:MODIN1_1\[186]
Removing Lhs of wire \BasicCounter:MODIN1_1\[186] = Net_1536_1[56]
Removing Lhs of wire \BasicCounter:MODULE_1:g2:a0:a_0\[187] = \BasicCounter:MODIN1_0\[188]
Removing Lhs of wire \BasicCounter:MODIN1_0\[188] = Net_1536_0[58]
Removing Lhs of wire \BasicCounter:MODULE_1:g2:a0:g1:z1:s0:g1:u0:c_0\[320] = tmpOE__three_net_0[1]
Removing Lhs of wire \BasicCounter:MODULE_1:g2:a0:g1:z1:s0:g1:u0:b_0\[321] = tmpOE__three_net_0[1]
Removing Lhs of wire \Port_for_fun:clk\[325] = zero[2]
Removing Lhs of wire \Port_for_fun:rst\[326] = zero[2]
Removing Lhs of wire \MODULE_2:g1:a0:newa_1\[352] = Net_1536_1[56]
Removing Lhs of wire MODIN2_1[353] = Net_1536_1[56]
Removing Lhs of wire \MODULE_2:g1:a0:newa_0\[354] = Net_1536_0[58]
Removing Lhs of wire MODIN2_0[355] = Net_1536_0[58]
Removing Lhs of wire \MODULE_2:g1:a0:newb_1\[356] = MODIN3_1[357]
Removing Lhs of wire MODIN3_1[357] = AMux_1_Decoder_old_id_1[55]
Removing Lhs of wire \MODULE_2:g1:a0:newb_0\[358] = MODIN3_0[359]
Removing Lhs of wire MODIN3_0[359] = AMux_1_Decoder_old_id_0[57]
Removing Lhs of wire \MODULE_2:g1:a0:dataa_1\[360] = Net_1536_1[56]
Removing Lhs of wire \MODULE_2:g1:a0:dataa_0\[361] = Net_1536_0[58]
Removing Lhs of wire \MODULE_2:g1:a0:datab_1\[362] = AMux_1_Decoder_old_id_1[55]
Removing Lhs of wire \MODULE_2:g1:a0:datab_0\[363] = AMux_1_Decoder_old_id_0[57]
Removing Lhs of wire \MODULE_2:g1:a0:gx:u0:a_1\[364] = Net_1536_1[56]
Removing Lhs of wire \MODULE_2:g1:a0:gx:u0:a_0\[365] = Net_1536_0[58]
Removing Lhs of wire \MODULE_2:g1:a0:gx:u0:b_1\[366] = AMux_1_Decoder_old_id_1[55]
Removing Lhs of wire \MODULE_2:g1:a0:gx:u0:b_0\[367] = AMux_1_Decoder_old_id_0[57]
Removing Lhs of wire \MODULE_2:g1:a0:gx:u0:aeqb_0\[370] = tmpOE__three_net_0[1]
Removing Lhs of wire \MODULE_2:g1:a0:gx:u0:eq_0\[371] = \MODULE_2:g1:a0:gx:u0:xnor_array_0\[369]
Removing Lhs of wire \MODULE_2:g1:a0:gx:u0:eqi_0\[373] = \MODULE_2:g1:a0:gx:u0:eq_1\[372]
Removing Rhs of wire \MODULE_2:g1:a0:xeq\[385] = \MODULE_2:g1:a0:gx:u0:aeqb_1\[374]
Removing Lhs of wire AMux_1_Decoder_old_id_1D[396] = Net_1536_1[56]
Removing Lhs of wire AMux_1_Decoder_old_id_0D[398] = Net_1536_0[58]

------------------------------------------------------
Aliased 0 equations, 75 wires.
------------------------------------------------------

----------------------------------------------------------
Circuit simplification
----------------------------------------------------------

Substituting virtuals - pass 1:

Note:  Expanding virtual equation for 'tmpOE__three_net_0' (cost = 0):
tmpOE__three_net_0 <=  ('1') ;

Note:  Expanding virtual equation for 'zero' (cost = 0):
zero <=  ('0') ;

Note:  Expanding virtual equation for '\BasicCounter:MODULE_1:g2:a0:g1:z1:s0:g1:u0:c_1\' (cost = 0):
\BasicCounter:MODULE_1:g2:a0:g1:z1:s0:g1:u0:c_1\ <= (Net_1536_0);

Note:  Expanding virtual equation for '\BasicCounter:MODULE_1:g2:a0:s_0\' (cost = 0):
\BasicCounter:MODULE_1:g2:a0:s_0\ <= (not Net_1536_0);

Note:  Expanding virtual equation for '\BasicCounter:MODULE_1:g2:a0:g1:z1:s0:g1:u0:c_17\' (cost = 0):
\BasicCounter:MODULE_1:g2:a0:g1:z1:s0:g1:u0:c_17\ <=  ('0') ;

Note:  Expanding virtual equation for '\BasicCounter:MODULE_1:g2:a0:g1:z1:s0:g1:u0:c_9\' (cost = 0):
\BasicCounter:MODULE_1:g2:a0:g1:z1:s0:g1:u0:c_9\ <=  ('0') ;

Note:  Expanding virtual equation for '\BasicCounter:MODULE_1:g2:a0:g1:z1:s0:g1:u0:c_2\' (cost = 0):
\BasicCounter:MODULE_1:g2:a0:g1:z1:s0:g1:u0:c_2\ <= ((Net_1536_1 and Net_1536_0));

Note:  Expanding virtual equation for '\MODULE_2:g1:a0:gx:u0:xnor_array_1\' (cost = 2):
\MODULE_2:g1:a0:gx:u0:xnor_array_1\ <= ((not AMux_1_Decoder_old_id_1 and not Net_1536_1)
	OR (AMux_1_Decoder_old_id_1 and Net_1536_1));

Note:  Expanding virtual equation for '\MODULE_2:g1:a0:gx:u0:xnor_array_0\' (cost = 4):
\MODULE_2:g1:a0:gx:u0:xnor_array_0\ <= ((not AMux_1_Decoder_old_id_0 and not Net_1536_0)
	OR (AMux_1_Decoder_old_id_0 and Net_1536_0));

Note:  Expanding virtual equation for '\MODULE_2:g1:a0:gx:u0:eq_1\' (cost = 4):
\MODULE_2:g1:a0:gx:u0:eq_1\ <= ((not AMux_1_Decoder_old_id_1 and not Net_1536_1 and not AMux_1_Decoder_old_id_0 and not Net_1536_0)
	OR (not AMux_1_Decoder_old_id_1 and not Net_1536_1 and AMux_1_Decoder_old_id_0 and Net_1536_0)
	OR (not AMux_1_Decoder_old_id_0 and not Net_1536_0 and AMux_1_Decoder_old_id_1 and Net_1536_1)
	OR (AMux_1_Decoder_old_id_1 and Net_1536_1 and AMux_1_Decoder_old_id_0 and Net_1536_0));


Substituting virtuals - pass 2:

Note:  Expanding virtual equation for '\MODULE_2:g1:a0:xeq\' (cost = 4):
\MODULE_2:g1:a0:xeq\ <= ((not AMux_1_Decoder_old_id_1 and not Net_1536_1 and not AMux_1_Decoder_old_id_0 and not Net_1536_0)
	OR (not AMux_1_Decoder_old_id_1 and not Net_1536_1 and AMux_1_Decoder_old_id_0 and Net_1536_0)
	OR (not AMux_1_Decoder_old_id_0 and not Net_1536_0 and AMux_1_Decoder_old_id_1 and Net_1536_1)
	OR (AMux_1_Decoder_old_id_1 and Net_1536_1 and AMux_1_Decoder_old_id_0 and Net_1536_0));

Note:  Expanding virtual equation for '\BasicCounter:MODULE_1:g2:a0:s_1\' (cost = 2):
\BasicCounter:MODULE_1:g2:a0:s_1\ <= ((not Net_1536_0 and Net_1536_1)
	OR (not Net_1536_1 and Net_1536_0));

Note:  Expanding virtual equation for '\BasicCounter:MODULE_1:g2:a0:g1:z1:s0:g1:u0:c_18\' (cost = 0):
\BasicCounter:MODULE_1:g2:a0:g1:z1:s0:g1:u0:c_18\ <=  ('0') ;

Note:  Expanding virtual equation for '\BasicCounter:MODULE_1:g2:a0:g1:z1:s0:g1:u0:c_10\' (cost = 0):
\BasicCounter:MODULE_1:g2:a0:g1:z1:s0:g1:u0:c_10\ <=  ('0') ;

Note:  Expanding virtual equation for '\BasicCounter:MODULE_1:g2:a0:g1:z1:s0:g1:u0:c_3\' (cost = 0):
\BasicCounter:MODULE_1:g2:a0:g1:z1:s0:g1:u0:c_3\ <=  ('0') ;


Substituting virtuals - pass 3:

Note:  Expanding virtual equation for 'AMux_1_Decoder_is_active' (cost = 64):
AMux_1_Decoder_is_active <= ((not AMux_1_Decoder_old_id_1 and not Net_1536_1 and not AMux_1_Decoder_old_id_0 and not Net_1536_0)
	OR (not AMux_1_Decoder_old_id_1 and not Net_1536_1 and AMux_1_Decoder_old_id_0 and Net_1536_0)
	OR (not AMux_1_Decoder_old_id_0 and not Net_1536_0 and AMux_1_Decoder_old_id_1 and Net_1536_1)
	OR (AMux_1_Decoder_old_id_1 and Net_1536_1 and AMux_1_Decoder_old_id_0 and Net_1536_0));

Note:  Expanding virtual equation for '\BasicCounter:MODULE_1:g2:a0:g1:z1:s0:g1:u0:c_19\' (cost = 0):
\BasicCounter:MODULE_1:g2:a0:g1:z1:s0:g1:u0:c_19\ <=  ('0') ;

Note:  Expanding virtual equation for '\BasicCounter:MODULE_1:g2:a0:g1:z1:s0:g1:u0:c_11\' (cost = 0):
\BasicCounter:MODULE_1:g2:a0:g1:z1:s0:g1:u0:c_11\ <=  ('0') ;

Note:  Expanding virtual equation for '\BasicCounter:MODULE_1:g2:a0:g1:z1:s0:g1:u0:c_4\' (cost = 0):
\BasicCounter:MODULE_1:g2:a0:g1:z1:s0:g1:u0:c_4\ <=  ('0') ;


Substituting virtuals - pass 4:

Note:  Expanding virtual equation for '\BasicCounter:MODULE_1:g2:a0:g1:z1:s0:g1:u0:c_20\' (cost = 0):
\BasicCounter:MODULE_1:g2:a0:g1:z1:s0:g1:u0:c_20\ <=  ('0') ;

Note:  Expanding virtual equation for '\BasicCounter:MODULE_1:g2:a0:g1:z1:s0:g1:u0:c_12\' (cost = 0):
\BasicCounter:MODULE_1:g2:a0:g1:z1:s0:g1:u0:c_12\ <=  ('0') ;

Note:  Expanding virtual equation for '\BasicCounter:MODULE_1:g2:a0:g1:z1:s0:g1:u0:c_5\' (cost = 0):
\BasicCounter:MODULE_1:g2:a0:g1:z1:s0:g1:u0:c_5\ <=  ('0') ;


Substituting virtuals - pass 5:

Note:  Expanding virtual equation for '\BasicCounter:MODULE_1:g2:a0:g1:z1:s0:g1:u0:c_21\' (cost = 0):
\BasicCounter:MODULE_1:g2:a0:g1:z1:s0:g1:u0:c_21\ <=  ('0') ;

Note:  Expanding virtual equation for '\BasicCounter:MODULE_1:g2:a0:g1:z1:s0:g1:u0:c_13\' (cost = 0):
\BasicCounter:MODULE_1:g2:a0:g1:z1:s0:g1:u0:c_13\ <=  ('0') ;

Note:  Expanding virtual equation for '\BasicCounter:MODULE_1:g2:a0:g1:z1:s0:g1:u0:c_6\' (cost = 0):
\BasicCounter:MODULE_1:g2:a0:g1:z1:s0:g1:u0:c_6\ <=  ('0') ;


Substituting virtuals - pass 6:

Note:  Expanding virtual equation for '\BasicCounter:MODULE_1:g2:a0:g1:z1:s0:g1:u0:c_22\' (cost = 0):
\BasicCounter:MODULE_1:g2:a0:g1:z1:s0:g1:u0:c_22\ <=  ('0') ;

Note:  Expanding virtual equation for '\BasicCounter:MODULE_1:g2:a0:g1:z1:s0:g1:u0:c_14\' (cost = 0):
\BasicCounter:MODULE_1:g2:a0:g1:z1:s0:g1:u0:c_14\ <=  ('0') ;

Note:  Expanding virtual equation for '\BasicCounter:MODULE_1:g2:a0:g1:z1:s0:g1:u0:c_7\' (cost = 0):
\BasicCounter:MODULE_1:g2:a0:g1:z1:s0:g1:u0:c_7\ <=  ('0') ;


Substituting virtuals - pass 7:

Note:  Expanding virtual equation for '\BasicCounter:MODULE_1:g2:a0:g1:z1:s0:g1:u0:c_23\' (cost = 0):
\BasicCounter:MODULE_1:g2:a0:g1:z1:s0:g1:u0:c_23\ <=  ('0') ;

Note:  Expanding virtual equation for '\BasicCounter:MODULE_1:g2:a0:g1:z1:s0:g1:u0:c_15\' (cost = 0):
\BasicCounter:MODULE_1:g2:a0:g1:z1:s0:g1:u0:c_15\ <=  ('0') ;


Substituting virtuals - pass 8:


----------------------------------------------------------
Circuit simplification results:

	Expanded 30 signals.
	Turned 0 signals into soft nodes.
	Maximum default expansion cost was set at 3.
----------------------------------------------------------

------------------------------------------------------
Alias Detection
------------------------------------------------------
Aliasing \BasicCounter:MODULE_1:g2:a0:g1:z1:s0:g1:u0:b_24\ to zero
Aliasing \BasicCounter:MODULE_1:g2:a0:g1:z1:s0:g1:u0:b_16\ to zero
Aliasing \BasicCounter:MODULE_1:g2:a0:g1:z1:s0:g1:u0:b_8\ to zero
Removing Lhs of wire \BasicCounter:MODULE_1:g2:a0:g1:z1:s0:g1:u0:b_24\[291] = zero[2]
Removing Lhs of wire \BasicCounter:MODULE_1:g2:a0:g1:z1:s0:g1:u0:b_16\[301] = zero[2]
Removing Lhs of wire \BasicCounter:MODULE_1:g2:a0:g1:z1:s0:g1:u0:b_8\[311] = zero[2]

------------------------------------------------------
Aliased 0 equations, 3 wires.
------------------------------------------------------

----------------------------------------------------------
Circuit simplification
----------------------------------------------------------

Eliminating unused logic - pass 1:


Eliminating unused logic - pass 2:


Substituting virtuals - pass 1:


----------------------------------------------------------
Circuit simplification results:

	Expanded 0 signals.
	Turned 0 signals into soft nodes.
	Maximum default expansion cost was set at 3.
----------------------------------------------------------

topld:  No errors.

CYPRESS_DIR    : C:\Program Files (x86)\Cypress\PSoC Creator\4.0\PSoC Creator\warp
Warp Program   : C:\Program Files (x86)\Cypress\PSoC Creator\4.0\PSoC Creator\warp\bin\warp.exe
Warp Arguments : -yv2 -q10 -ygs -o2 -v3 -.fftcfgtype=LE -ya -.fftprj=C:\Users\Patrick\Documents\GitHub\UNCAMotorsports-2017\C-CAN\C-CAN_PSoC_DevKit\C-CAN.cydsn\C-CAN.cyprj -dcpsoc3 C-CAN.v -verilog
</CYPRESSTAG>
Warp synthesis phase: Elapsed time ==> 3s.260ms
<CYPRESSTAG name="Fitter results...">
<CYPRESSTAG name="Fitter startup details...">
cyp3fit: V4.0.0.432, Family: PSoC3, Started at: Monday, 11 September 2017 17:01:41
Options: -yv2 -q10 -ygs -o2 -v3 -.fftcfgtype=LE -ya -.fftprj=C:\Users\Patrick\Documents\GitHub\UNCAMotorsports-2017\C-CAN\C-CAN_PSoC_DevKit\C-CAN.cydsn\C-CAN.cyprj -d CY8C5888LTI-LP097 C-CAN.v -verilog
</CYPRESSTAG>
<CYPRESSTAG name="Design parsing">
Design parsing phase: Elapsed time ==> 0s.029ms
</CYPRESSTAG>
<CYPRESSTAG name="Tech Mapping">
<CYPRESSTAG name="Initial Mapping" icon="FILE_RPT_TECHM">
    Removed wire end \BasicCounter:MODULE_1:g2:a0:g1:z1:s0:g1:u0:c_24\ kept zero
    Removed wire end \BasicCounter:MODULE_1:g2:a0:g1:z1:s0:g1:u0:c_16\ kept zero
    Removed wire end \BasicCounter:MODULE_1:g2:a0:g1:z1:s0:g1:u0:c_8\ kept zero
Assigning clock CAN_1_Clock to clock BUS_CLK because it is a pass-through
<CYPRESSTAG name="Global Clock Selection" icon="FILE_RPT_TECHM">
    Digital Clock 0: Automatic-assigning  clock 'Clock_4'. Fanout=7, Signal=Net_1524
</CYPRESSTAG>

Removing unused cells resulting from optimization
    Removed unused cell/equation '\Port_for_fun:Sync:ctrl_reg\:controlcell'
Done removing unused cells.
<CYPRESSTAG name="UDB Clock/Enable Remapping Results">
</CYPRESSTAG>
<CYPRESSTAG name="UDB Routed Clock Assignment">
    Routed Clock: \ADC_SAR_1:ADC_SAR\:sarcell.next
        Effective Clock: \ADC_SAR_1:ADC_SAR\:sarcell.next
        Enable Signal: True
</CYPRESSTAG>

Removing unused cells resulting from optimization
Done removing unused cells.
<CYPRESSTAG name="Duplicate Macrocell detection">
</CYPRESSTAG>
</CYPRESSTAG>
<CYPRESSTAG name="Duplicate Macrocell detection">
</CYPRESSTAG>
<CYPRESSTAG name="Design Equations" icon="FILE_RPT_EQUATION">

------------------------------------------------------------
Design Equations
------------------------------------------------------------
    <CYPRESSTAG name="Pin listing">

    ------------------------------------------------------------
    Pin listing
    ------------------------------------------------------------

    Pin : Name = three(0)
        Attributes:
            In Group/Port: True
            In Sync Option: AUTO
            Out Sync Option: AUTO
            Interrupt generated: False
            Interrupt mode: NONE
            Drive mode: HI_Z_ANALOG
            VTrip: EITHER
            Slew: FAST
            Input Sync needed: False
            Output Sync needed: False
            SC shield enabled: False
            POR State: ANY
            LCD Mode: COMMON
            Register Mode: RegComb
            CaSense Mode: NEITHER
            Treat as pin: True
            Is OE Registered: False
            Uses Analog: True
            Can contain Digital: False
            Is SIO: False
            SIO Output Buf: NONREGULATED
            SIO Input Buf: SINGLE_ENDED
            SIO HiFreq: LOW
            SIO Hyst: DISABLED
            SIO Vtrip: MULTIPLIER_0_5
            SIO Multiplier Index: 0
            SIO RefSel: VCC_IO
            Required Capabilitites: ANALOG
            Initial Value: 0
            IO Voltage: 0
        PORT MAP (
            pa_out => three(0)__PA ,
            analog_term => Net_1611 ,
            pad => three(0)_PAD ,
            input => AMux_1_Decoder_one_hot_2 );
        Properties:
        {
        }

    Pin : Name = one(0)
        Attributes:
            In Group/Port: True
            In Sync Option: AUTO
            Out Sync Option: AUTO
            Interrupt generated: False
            Interrupt mode: NONE
            Drive mode: HI_Z_ANALOG
            VTrip: EITHER
            Slew: FAST
            Input Sync needed: False
            Output Sync needed: False
            SC shield enabled: False
            POR State: ANY
            LCD Mode: COMMON
            Register Mode: RegComb
            CaSense Mode: NEITHER
            Treat as pin: True
            Is OE Registered: False
            Uses Analog: True
            Can contain Digital: False
            Is SIO: False
            SIO Output Buf: NONREGULATED
            SIO Input Buf: SINGLE_ENDED
            SIO HiFreq: LOW
            SIO Hyst: DISABLED
            SIO Vtrip: MULTIPLIER_0_5
            SIO Multiplier Index: 0
            SIO RefSel: VCC_IO
            Required Capabilitites: ANALOG
            Initial Value: 0
            IO Voltage: 0
        PORT MAP (
            pa_out => one(0)__PA ,
            analog_term => Net_1557 ,
            pad => one(0)_PAD ,
            input => AMux_1_Decoder_one_hot_0 );
        Properties:
        {
        }

    Pin : Name = four(0)
        Attributes:
            In Group/Port: True
            In Sync Option: AUTO
            Out Sync Option: AUTO
            Interrupt generated: False
            Interrupt mode: NONE
            Drive mode: HI_Z_ANALOG
            VTrip: EITHER
            Slew: FAST
            Input Sync needed: False
            Output Sync needed: False
            SC shield enabled: False
            POR State: ANY
            LCD Mode: COMMON
            Register Mode: RegComb
            CaSense Mode: NEITHER
            Treat as pin: True
            Is OE Registered: False
            Uses Analog: True
            Can contain Digital: False
            Is SIO: False
            SIO Output Buf: NONREGULATED
            SIO Input Buf: SINGLE_ENDED
            SIO HiFreq: LOW
            SIO Hyst: DISABLED
            SIO Vtrip: MULTIPLIER_0_5
            SIO Multiplier Index: 0
            SIO RefSel: VCC_IO
            Required Capabilitites: ANALOG
            Initial Value: 0
            IO Voltage: 0
        PORT MAP (
            pa_out => four(0)__PA ,
            analog_term => Net_1612 ,
            pad => four(0)_PAD ,
            input => AMux_1_Decoder_one_hot_3 );
        Properties:
        {
        }

    Pin : Name = two(0)
        Attributes:
            In Group/Port: True
            In Sync Option: AUTO
            Out Sync Option: AUTO
            Interrupt generated: False
            Interrupt mode: NONE
            Drive mode: HI_Z_ANALOG
            VTrip: EITHER
            Slew: FAST
            Input Sync needed: False
            Output Sync needed: False
            SC shield enabled: False
            POR State: ANY
            LCD Mode: COMMON
            Register Mode: RegComb
            CaSense Mode: NEITHER
            Treat as pin: True
            Is OE Registered: False
            Uses Analog: True
            Can contain Digital: False
            Is SIO: False
            SIO Output Buf: NONREGULATED
            SIO Input Buf: SINGLE_ENDED
            SIO HiFreq: LOW
            SIO Hyst: DISABLED
            SIO Vtrip: MULTIPLIER_0_5
            SIO Multiplier Index: 0
            SIO RefSel: VCC_IO
            Required Capabilitites: ANALOG
            Initial Value: 0
            IO Voltage: 0
        PORT MAP (
            pa_out => two(0)__PA ,
            analog_term => Net_1610 ,
            pad => two(0)_PAD ,
            input => AMux_1_Decoder_one_hot_1 );
        Properties:
        {
        }

    Pin : Name = RX_2(0)
        Attributes:
            In Group/Port: True
            In Sync Option: NOSYNC
            Out Sync Option: AUTO
            Interrupt generated: False
            Interrupt mode: NONE
            Drive mode: HI_Z_DIGITAL
            VTrip: CMOS
            Slew: FAST
            Input Sync needed: False
            Output Sync needed: False
            SC shield enabled: False
            POR State: ANY
            LCD Mode: COMMON
            Register Mode: RegComb
            CaSense Mode: NEITHER
            Treat as pin: True
            Is OE Registered: False
            Uses Analog: False
            Can contain Digital: True
            Is SIO: False
            SIO Output Buf: NONREGULATED
            SIO Input Buf: SINGLE_ENDED
            SIO HiFreq: LOW
            SIO Hyst: DISABLED
            SIO Vtrip: MULTIPLIER_0_5
            SIO Multiplier Index: 0
            SIO RefSel: VCC_IO
            Required Capabilitites: DIGITAL, ROUTABLE
            Initial Value: 0
            IO Voltage: 0
        PORT MAP (
            pa_out => RX_2(0)__PA ,
            fb => Net_11 ,
            pad => RX_2(0)_PAD );
        Properties:
        {
        }

    Pin : Name = TX_2(0)
        Attributes:
            In Group/Port: True
            In Sync Option: AUTO
            Out Sync Option: NOSYNC
            Interrupt generated: False
            Interrupt mode: NONE
            Drive mode: CMOS_OUT
            VTrip: EITHER
            Slew: FAST
            Input Sync needed: False
            Output Sync needed: False
            SC shield enabled: False
            POR State: ANY
            LCD Mode: COMMON
            Register Mode: RegComb
            CaSense Mode: NEITHER
            Treat as pin: True
            Is OE Registered: False
            Uses Analog: False
            Can contain Digital: True
            Is SIO: False
            SIO Output Buf: NONREGULATED
            SIO Input Buf: SINGLE_ENDED
            SIO HiFreq: LOW
            SIO Hyst: DISABLED
            SIO Vtrip: MULTIPLIER_0_5
            SIO Multiplier Index: 0
            SIO RefSel: VCC_IO
            Required Capabilitites: DIGITAL, ROUTABLE
            Initial Value: 0
            IO Voltage: 0
        PORT MAP (
            pa_out => TX_2(0)__PA ,
            input => Net_12 ,
            pad => TX_2(0)_PAD );
        Properties:
        {
        }

    Pin : Name = \ADC_SAR_1:Bypass(0)\
        Attributes:
            In Group/Port: True
            In Sync Option: AUTO
            Out Sync Option: AUTO
            Interrupt generated: False
            Interrupt mode: NONE
            Drive mode: HI_Z_ANALOG
            VTrip: EITHER
            Slew: FAST
            Input Sync needed: False
            Output Sync needed: False
            SC shield enabled: False
            POR State: ANY
            LCD Mode: COMMON
            Register Mode: RegComb
            CaSense Mode: NEITHER
            Treat as pin: True
            Is OE Registered: False
            Uses Analog: True
            Can contain Digital: False
            Is SIO: False
            SIO Output Buf: NONREGULATED
            SIO Input Buf: SINGLE_ENDED
            SIO HiFreq: LOW
            SIO Hyst: DISABLED
            SIO Vtrip: MULTIPLIER_0_5
            SIO Multiplier Index: 0
            SIO RefSel: VCC_IO
            Required Capabilitites: ANALOG
            Initial Value: 0
            IO Voltage: 0
        PORT MAP (
            pa_out => \ADC_SAR_1:Bypass(0)\__PA ,
            analog_term => \ADC_SAR_1:Net_210\ ,
            pad => \ADC_SAR_1:Bypass(0)_PAD\ );
        Properties:
        {
        }
    </CYPRESSTAG>
    <CYPRESSTAG name="Macrocell listing" icon="FILE_RPT_EQUATION">

    ------------------------------------------------------------
    Macrocell listing
    ------------------------------------------------------------

    MacroCell: Name=AMux_1_Decoder_old_id_1, Mode=(D-Register)
        Total # of inputs        : 1
        Total # of product terms : 1
        List of special equations: 
            Clock  = (Net_1524) => Global
            Clock Enable: True
        Main Equation            : 1 pterm
        (
              Net_1536_1
        );
        Output = AMux_1_Decoder_old_id_1 (fanout=4)

    MacroCell: Name=Net_1536_1, Mode=(T-Register)
        Total # of inputs        : 1
        Total # of product terms : 1
        List of special equations: 
            Clock  = (Net_1542)
            Clock Enable: True
        Main Equation            : 1 pterm
        (
              Net_1536_0
        );
        Output = Net_1536_1 (fanout=5)

    MacroCell: Name=AMux_1_Decoder_old_id_0, Mode=(D-Register)
        Total # of inputs        : 1
        Total # of product terms : 1
        List of special equations: 
            Clock  = (Net_1524) => Global
            Clock Enable: True
        Main Equation            : 1 pterm
        (
              Net_1536_0
        );
        Output = AMux_1_Decoder_old_id_0 (fanout=4)

    MacroCell: Name=Net_1536_0, Mode=(T-Register)
        Total # of inputs        : 0
        Total # of product terms : 0
        List of special equations: 
            Clock  = (Net_1542)
            Clock Enable: True
        Main Equation            : 0 pterms
        !(
            0
        );
        Output = Net_1536_0 (fanout=6)

    MacroCell: Name=AMux_1_Decoder_one_hot_0, Mode=(D-Register)
        Total # of inputs        : 4
        Total # of product terms : 1
        List of special equations: 
            Clock  = (Net_1524) => Global
            Clock Enable: True
        Main Equation            : 1 pterm
        (
              !AMux_1_Decoder_old_id_1 * !Net_1536_1 * 
              !AMux_1_Decoder_old_id_0 * !Net_1536_0
        );
        Output = AMux_1_Decoder_one_hot_0 (fanout=1)

    MacroCell: Name=AMux_1_Decoder_one_hot_1, Mode=(D-Register)
        Total # of inputs        : 4
        Total # of product terms : 1
        List of special equations: 
            Clock  = (Net_1524) => Global
            Clock Enable: True
        Main Equation            : 1 pterm
        (
              !AMux_1_Decoder_old_id_1 * !Net_1536_1 * 
              AMux_1_Decoder_old_id_0 * Net_1536_0
        );
        Output = AMux_1_Decoder_one_hot_1 (fanout=1)

    MacroCell: Name=AMux_1_Decoder_one_hot_2, Mode=(D-Register)
        Total # of inputs        : 4
        Total # of product terms : 1
        List of special equations: 
            Clock  = (Net_1524) => Global
            Clock Enable: True
        Main Equation            : 1 pterm
        (
              AMux_1_Decoder_old_id_1 * Net_1536_1 * !AMux_1_Decoder_old_id_0 * 
              !Net_1536_0
        );
        Output = AMux_1_Decoder_one_hot_2 (fanout=1)

    MacroCell: Name=AMux_1_Decoder_one_hot_3, Mode=(D-Register)
        Total # of inputs        : 4
        Total # of product terms : 1
        List of special equations: 
            Clock  = (Net_1524) => Global
            Clock Enable: True
        Main Equation            : 1 pterm
        (
              AMux_1_Decoder_old_id_1 * Net_1536_1 * AMux_1_Decoder_old_id_0 * 
              Net_1536_0
        );
        Output = AMux_1_Decoder_one_hot_3 (fanout=1)
    </CYPRESSTAG>
    <CYPRESSTAG name="Datapath listing">
    </CYPRESSTAG>
    <CYPRESSTAG name="Status register listing">
    </CYPRESSTAG>
    <CYPRESSTAG name="StatusI register listing">
    </CYPRESSTAG>
    <CYPRESSTAG name="Sync listing">
    </CYPRESSTAG>
    <CYPRESSTAG name="Control register listing">
    </CYPRESSTAG>
    <CYPRESSTAG name="Count7 listing">
    </CYPRESSTAG>
    <CYPRESSTAG name="DRQ listing">

    ------------------------------------------------------------
    DRQ listing
    ------------------------------------------------------------

    drqcell: Name =DMA_1
        PORT MAP (
            dmareq => Net_1533 ,
            termin => zero ,
            termout => Net_1535 );
        Properties:
        {
            drq_type = "10"
            num_tds = 0
        }
    </CYPRESSTAG>
    <CYPRESSTAG name="Interrupt listing">

    ------------------------------------------------------------
    Interrupt listing
    ------------------------------------------------------------

    interrupt: Name =\CAN_1:isr\
        PORT MAP (
            interrupt => Net_836 );
        Properties:
        {
            int_type = "10"
            is_nmi = 0
        }

    interrupt: Name =\ADC_SAR_1:IRQ\
        PORT MAP (
            interrupt => Net_1533 );
        Properties:
        {
            int_type = "10"
            is_nmi = 0
        }
    </CYPRESSTAG>
</CYPRESSTAG>
<CYPRESSTAG name="Technology mapping summary" expanded>

------------------------------------------------------------
Technology mapping summary
------------------------------------------------------------

Resource Type                 : Used : Free :  Max :  % Used
============================================================
Digital Clocks                :    1 :    7 :    8 : 12.50 %
Analog Clocks                 :    0 :    4 :    4 :  0.00 %
CapSense Buffers              :    0 :    2 :    2 :  0.00 %
Digital Filter Block          :    0 :    1 :    1 :  0.00 %
Interrupts                    :    2 :   30 :   32 :  6.25 %
IO                            :   12 :   36 :   48 : 25.00 %
Segment LCD                   :    0 :    1 :    1 :  0.00 %
CAN 2.0b                      :    1 :    0 :    1 : 100.00 %
I2C                           :    0 :    1 :    1 :  0.00 %
USB                           :    0 :    1 :    1 :  0.00 %
DMA Channels                  :    1 :   23 :   24 :  4.17 %
Timer                         :    0 :    4 :    4 :  0.00 %
UDB                           :      :      :      :        
  Macrocells                  :    8 :  184 :  192 :  4.17 %
  Unique P-terms              :    6 :  378 :  384 :  1.56 %
  Total P-terms               :    7 :      :      :        
  Datapath Cells              :    0 :   24 :   24 :  0.00 %
  Status Cells                :    0 :   24 :   24 :  0.00 %
  Control Cells               :    0 :   24 :   24 :  0.00 %
Opamp                         :    0 :    4 :    4 :  0.00 %
Comparator                    :    0 :    4 :    4 :  0.00 %
Delta-Sigma ADC               :    0 :    1 :    1 :  0.00 %
LPF                           :    0 :    2 :    2 :  0.00 %
SAR ADC                       :    1 :    1 :    2 : 50.00 %
Analog (SC/CT) Blocks         :    0 :    4 :    4 :  0.00 %
DAC                           :      :      :      :        
  VIDAC                       :    0 :    4 :    4 :  0.00 %
</CYPRESSTAG>
Technology Mapping: Elapsed time ==> 0s.099ms
ADD: mpr.M0037: information: Unused pieces of the design have been optimized out. See the Tech mapping section of the report file for details.
 * C:\Users\Patrick\Documents\GitHub\UNCAMotorsports-2017\C-CAN\C-CAN_PSoC_DevKit\C-CAN.cydsn\codegentemp\C-CAN.rpt (Tech mapping)

Tech Mapping phase: Elapsed time ==> 0s.330ms
</CYPRESSTAG>
<CYPRESSTAG name="Analog Placement">
Initial Analog Placement Results:
IO_4@[IOP=(1)][IoId=(4)] : RX_2(0) (fixed)
IO_5@[IOP=(1)][IoId=(5)] : TX_2(0) (fixed)
IO_4@[IOP=(0)][IoId=(4)] : \ADC_SAR_1:Bypass(0)\ (fixed, SAR-ExtVref)
IO_4@[IOP=(3)][IoId=(4)] : four(0) (fixed)
IO_0@[IOP=(3)][IoId=(0)] : one(0) (fixed)
IO_3@[IOP=(3)][IoId=(3)] : three(0) (fixed)
IO_1@[IOP=(3)][IoId=(1)] : two(0) (fixed)
SAR[0]@[FFB(SAR,0)] : \ADC_SAR_1:ADC_SAR\ (fixed, SAR-ExtVref)
Vref[13]@[FFB(Vref,13)] : \ADC_SAR_1:vRef_Vdda_1\
Analog Placement Results:
IO_4@[IOP=(1)][IoId=(4)] : RX_2(0) (fixed)
IO_5@[IOP=(1)][IoId=(5)] : TX_2(0) (fixed)
IO_4@[IOP=(0)][IoId=(4)] : \ADC_SAR_1:Bypass(0)\ (fixed, SAR-ExtVref)
IO_4@[IOP=(3)][IoId=(4)] : four(0) (fixed)
IO_0@[IOP=(3)][IoId=(0)] : one(0) (fixed)
IO_3@[IOP=(3)][IoId=(3)] : three(0) (fixed)
IO_1@[IOP=(3)][IoId=(1)] : two(0) (fixed)
SAR[0]@[FFB(SAR,0)] : \ADC_SAR_1:ADC_SAR\ (fixed, SAR-ExtVref)
Vref[13]@[FFB(Vref,13)] : \ADC_SAR_1:vRef_Vdda_1\

Analog Placement phase: Elapsed time ==> 0s.100ms
</CYPRESSTAG>
<CYPRESSTAG name="Analog Routing">
Analog Routing phase: Elapsed time ==> 0s.019ms
</CYPRESSTAG>
<CYPRESSTAG name="Analog Code Generation">
============ Analog Final Answer Routes ============
Dump of CyAnalogRoutingResultsDB
Map of net to items {
  Net: Net_771 {
    sar_0_vplus
  }
  Net: Net_1557 {
    p3_0
  }
  Net: Net_1610 {
    p3_1
  }
  Net: Net_1611 {
    p3_3
  }
  Net: Net_1612 {
    p3_4
  }
  Net: \ADC_SAR_1:Net_126\ {
    sar_0_vrefhi
    sar_0_vminus_x_sar_0_vrefhi
    sar_0_vminus
  }
  Net: \ADC_SAR_1:Net_210\ {
    p0_4
    p0_4_exvref
  }
  Net: \ADC_SAR_1:Net_235\ {
    common_sar_vref_vdda/2
    common_sar_vref_vdda/2_x_sar_0_vref_vdda_vdda_2
    sar_0_vref_vdda_vdda_2
    sar_0_vref_x_sar_0_vref_vdda_vdda_2
    sar_0_vref
  }
  Net: AmuxNet::AMux_1 {
    sar_0_vplus
    agl5_x_sar_0_vplus
    agl5
    agl5_x_agr5
    agr5
    agr5_x_p3_1
    agl4_x_sar_0_vplus
    agl4
    agl4_x_agr4
    agr4
    agr4_x_p3_4
    agl7_x_sar_0_vplus
    agl7
    agl7_x_agr7
    agr7
    agr7_x_p3_3
    agr4_x_p3_0
    p3_1
    p3_4
    p3_3
    p3_0
  }
}
Map of item to net {
  sar_0_vrefhi                                     -> \ADC_SAR_1:Net_126\
  sar_0_vminus_x_sar_0_vrefhi                      -> \ADC_SAR_1:Net_126\
  sar_0_vminus                                     -> \ADC_SAR_1:Net_126\
  p0_4                                             -> \ADC_SAR_1:Net_210\
  p0_4_exvref                                      -> \ADC_SAR_1:Net_210\
  common_sar_vref_vdda/2                           -> \ADC_SAR_1:Net_235\
  common_sar_vref_vdda/2_x_sar_0_vref_vdda_vdda_2  -> \ADC_SAR_1:Net_235\
  sar_0_vref_vdda_vdda_2                           -> \ADC_SAR_1:Net_235\
  sar_0_vref_x_sar_0_vref_vdda_vdda_2              -> \ADC_SAR_1:Net_235\
  sar_0_vref                                       -> \ADC_SAR_1:Net_235\
  sar_0_vplus                                      -> Net_771
  p3_0                                             -> Net_1557
  p3_1                                             -> Net_1610
  p3_3                                             -> Net_1611
  p3_4                                             -> Net_1612
  agl5_x_sar_0_vplus                               -> AmuxNet::AMux_1
  agl5                                             -> AmuxNet::AMux_1
  agl5_x_agr5                                      -> AmuxNet::AMux_1
  agr5                                             -> AmuxNet::AMux_1
  agr5_x_p3_1                                      -> AmuxNet::AMux_1
  agl4_x_sar_0_vplus                               -> AmuxNet::AMux_1
  agl4                                             -> AmuxNet::AMux_1
  agl4_x_agr4                                      -> AmuxNet::AMux_1
  agr4                                             -> AmuxNet::AMux_1
  agr4_x_p3_4                                      -> AmuxNet::AMux_1
  agl7_x_sar_0_vplus                               -> AmuxNet::AMux_1
  agl7                                             -> AmuxNet::AMux_1
  agl7_x_agr7                                      -> AmuxNet::AMux_1
  agr7                                             -> AmuxNet::AMux_1
  agr7_x_p3_3                                      -> AmuxNet::AMux_1
  agr4_x_p3_0                                      -> AmuxNet::AMux_1
}
Mux Info {
  Mux: AMux_1 {
     Mouth: Net_771
     Guts:  AmuxNet::AMux_1
     IsSingleSwitching: False
     IsStaticSwitching: True
     IsAtMostOneSwitch: True
    Arm: 0 {
      Net:   Net_1557
      Outer: agr4_x_p3_0
      Inner: __open__
      Path {
        p3_0
        agr4_x_p3_0
        agr4
        agl4_x_agr4
        agl4
        agl4_x_sar_0_vplus
        sar_0_vplus
      }
    }
    Arm: 1 {
      Net:   Net_1610
      Outer: agr5_x_p3_1
      Inner: agl5_x_sar_0_vplus
      Path {
        p3_1
        agr5_x_p3_1
        agr5
        agl5_x_agr5
        agl5
        agl5_x_sar_0_vplus
        sar_0_vplus
      }
    }
    Arm: 2 {
      Net:   Net_1611
      Outer: agr7_x_p3_3
      Inner: agl7_x_sar_0_vplus
      Path {
        p3_3
        agr7_x_p3_3
        agr7
        agl7_x_agr7
        agl7
        agl7_x_sar_0_vplus
        sar_0_vplus
      }
    }
    Arm: 3 {
      Net:   Net_1612
      Outer: agr4_x_p3_4
      Inner: __open__
      Path {
        p3_4
        agr4_x_p3_4
        agr4
        agl4_x_agr4
        agl4
        agl4_x_sar_0_vplus
        sar_0_vplus
      }
    }
  }
}
Dump of CyP35AnalogRoutingResultsDB
IsVddaHalfUsedForComp = False
IsVddaHalfUsedForSar0 = True
IsVddaHalfUsedForSar1 = False
Analog Code Generation phase: Elapsed time ==> 0s.100ms
</CYPRESSTAG>
<CYPRESSTAG name="Digital Placement">
<CYPRESSTAG name="Detailed placement messages">
I2076: Total run-time: 1.8 sec.

</CYPRESSTAG>
<CYPRESSTAG name="PLD Packing">
<CYPRESSTAG name="PLD Packing Summary" expanded>

------------------------------------------------------------
PLD Packing Summary
------------------------------------------------------------
            Resource Type : Used : Free :  Max :  % Used
    ====================================================
                     PLDs :    3 :   45 :   48 :   6.25%

<CYPRESSTAG name="PLD Statistics">

        PLD Resource Type :     Average/LAB
    =======================================
                   Inputs :            3.00
                   Pterms :            2.33
               Macrocells :            2.67
</CYPRESSTAG>
<CYPRESSTAG name="Packed PLD Contents">
Packed PLD Contents not displayed at this verbose level.</CYPRESSTAG>
</CYPRESSTAG>
PLD Packing: Elapsed time ==> 0s.009ms
</CYPRESSTAG>
<CYPRESSTAG name="Partitioning">
<CYPRESSTAG name="Initial Partitioning Summary">
Initial Partitioning Summary not displayed at this verbose level.</CYPRESSTAG>
<CYPRESSTAG name="Final Partitioning Summary">
Final Partitioning Summary not displayed at this verbose level.</CYPRESSTAG>
Partitioning: Elapsed time ==> 0s.040ms
</CYPRESSTAG>
<CYPRESSTAG name="Final Placement Summary">

------------------------------------------------------------
Final Placement Summary
------------------------------------------------------------

       Resource Type :      Count : Avg Inputs : Avg Outputs
    ========================================================
                 UDB :          2 :       2.50 :       4.00
<CYPRESSTAG name="Final Placement Details">
<CYPRESSTAG name="Component Details">

------------------------------------------------------------
Component Placement Details
------------------------------------------------------------
UDB [UDB=(0,0)] is empty.
UDB [UDB=(0,1)] is empty.
UDB [UDB=(0,2)] is empty.
UDB [UDB=(0,3)] is empty.
UDB [UDB=(0,4)] is empty.
UDB [UDB=(0,5)] is empty.
UDB [UDB=(1,0)] is empty.
UDB [UDB=(1,1)] is empty.
UDB [UDB=(1,2)] is empty.
UDB [UDB=(1,3)] is empty.
UDB [UDB=(1,4)] is empty.
UDB [UDB=(1,5)] is empty.
UDB [UDB=(2,0)] contents:
LAB@[UDB=(2,0)][LB=0] #macrocells=2, #inputs=1, #pterms=1
{
    [McSlotId=0]:     MacroCell: Name=Net_1536_1, Mode=(T-Register) @ [UDB=(2,0)][LB=0][MC=0]
        Total # of inputs        : 1
        Total # of product terms : 1
        List of special equations: 
            Clock  = (Net_1542)
            Clock Enable: True
        Main Equation            : 1 pterm
        (
              Net_1536_0
        );
        Output = Net_1536_1 (fanout=5)
        Properties               : 
        {
        }

    [McSlotId=1]:     MacroCell: Name=Net_1536_0, Mode=(T-Register) @ [UDB=(2,0)][LB=0][MC=1]
        Total # of inputs        : 0
        Total # of product terms : 0
        List of special equations: 
            Clock  = (Net_1542)
            Clock Enable: True
        Main Equation            : 0 pterms
        !(
            0
        );
        Output = Net_1536_0 (fanout=6)
        Properties               : 
        {
        }

    [McSlotId=2]: (empty)
    [McSlotId=3]: (empty)
}

UDB [UDB=(2,1)] is empty.
UDB [UDB=(2,2)] is empty.
UDB [UDB=(2,3)] is empty.
UDB [UDB=(2,4)] is empty.
UDB [UDB=(2,5)] is empty.
UDB [UDB=(3,0)] contents:
LAB@[UDB=(3,0)][LB=0] #macrocells=4, #inputs=4, #pterms=4
{
    [McSlotId=0]:     MacroCell: Name=AMux_1_Decoder_one_hot_0, Mode=(D-Register) @ [UDB=(3,0)][LB=0][MC=0]
        Total # of inputs        : 4
        Total # of product terms : 1
        List of special equations: 
            Clock  = (Net_1524) => Global
            Clock Enable: True
        Main Equation            : 1 pterm
        (
              !AMux_1_Decoder_old_id_1 * !Net_1536_1 * 
              !AMux_1_Decoder_old_id_0 * !Net_1536_0
        );
        Output = AMux_1_Decoder_one_hot_0 (fanout=1)
        Properties               : 
        {
        }

    [McSlotId=1]:     MacroCell: Name=AMux_1_Decoder_old_id_0, Mode=(D-Register) @ [UDB=(3,0)][LB=0][MC=1]
        Total # of inputs        : 1
        Total # of product terms : 1
        List of special equations: 
            Clock  = (Net_1524) => Global
            Clock Enable: True
        Main Equation            : 1 pterm
        (
              Net_1536_0
        );
        Output = AMux_1_Decoder_old_id_0 (fanout=4)
        Properties               : 
        {
        }

    [McSlotId=2]:     MacroCell: Name=AMux_1_Decoder_one_hot_1, Mode=(D-Register) @ [UDB=(3,0)][LB=0][MC=2]
        Total # of inputs        : 4
        Total # of product terms : 1
        List of special equations: 
            Clock  = (Net_1524) => Global
            Clock Enable: True
        Main Equation            : 1 pterm
        (
              !AMux_1_Decoder_old_id_1 * !Net_1536_1 * 
              AMux_1_Decoder_old_id_0 * Net_1536_0
        );
        Output = AMux_1_Decoder_one_hot_1 (fanout=1)
        Properties               : 
        {
        }

    [McSlotId=3]:     MacroCell: Name=AMux_1_Decoder_one_hot_2, Mode=(D-Register) @ [UDB=(3,0)][LB=0][MC=3]
        Total # of inputs        : 4
        Total # of product terms : 1
        List of special equations: 
            Clock  = (Net_1524) => Global
            Clock Enable: True
        Main Equation            : 1 pterm
        (
              AMux_1_Decoder_old_id_1 * Net_1536_1 * !AMux_1_Decoder_old_id_0 * 
              !Net_1536_0
        );
        Output = AMux_1_Decoder_one_hot_2 (fanout=1)
        Properties               : 
        {
        }
}

LAB@[UDB=(3,0)][LB=1] #macrocells=2, #inputs=4, #pterms=2
{
    [McSlotId=0]:     MacroCell: Name=AMux_1_Decoder_one_hot_3, Mode=(D-Register) @ [UDB=(3,0)][LB=1][MC=0]
        Total # of inputs        : 4
        Total # of product terms : 1
        List of special equations: 
            Clock  = (Net_1524) => Global
            Clock Enable: True
        Main Equation            : 1 pterm
        (
              AMux_1_Decoder_old_id_1 * Net_1536_1 * AMux_1_Decoder_old_id_0 * 
              Net_1536_0
        );
        Output = AMux_1_Decoder_one_hot_3 (fanout=1)
        Properties               : 
        {
        }

    [McSlotId=1]:     MacroCell: Name=AMux_1_Decoder_old_id_1, Mode=(D-Register) @ [UDB=(3,0)][LB=1][MC=1]
        Total # of inputs        : 1
        Total # of product terms : 1
        List of special equations: 
            Clock  = (Net_1524) => Global
            Clock Enable: True
        Main Equation            : 1 pterm
        (
              Net_1536_1
        );
        Output = AMux_1_Decoder_old_id_1 (fanout=4)
        Properties               : 
        {
        }

    [McSlotId=2]: (empty)
    [McSlotId=3]: (empty)
}

UDB [UDB=(3,1)] is empty.
UDB [UDB=(3,2)] is empty.
UDB [UDB=(3,3)] is empty.
UDB [UDB=(3,4)] is empty.
UDB [UDB=(3,5)] is empty.
Intr container @ [IntrContainer=(0)]: 
  Intr@ [IntrContainer=(0)][IntrId=(0)] 
    interrupt: Name =\ADC_SAR_1:IRQ\
        PORT MAP (
            interrupt => Net_1533 );
        Properties:
        {
            int_type = "10"
            is_nmi = 0
        }
  Intr@ [IntrContainer=(0)][IntrId=(16)] 
    interrupt: Name =\CAN_1:isr\
        PORT MAP (
            interrupt => Net_836 );
        Properties:
        {
            int_type = "10"
            is_nmi = 0
        }
Drq container @ [DrqContainer=(0)]: 
  Dma@ [DrqContainer=(0)][DrqId=(0)] 
    drqcell: Name =DMA_1
        PORT MAP (
            dmareq => Net_1533 ,
            termin => zero ,
            termout => Net_1535 );
        Properties:
        {
            drq_type = "10"
            num_tds = 0
        }
Port 0 contains the following IO cells:
[IoId=4]: 
Pin : Name = \ADC_SAR_1:Bypass(0)\
    Attributes:
        In Group/Port: True
        In Sync Option: AUTO
        Out Sync Option: AUTO
        Interrupt generated: False
        Interrupt mode: NONE
        Drive mode: HI_Z_ANALOG
        VTrip: EITHER
        Slew: FAST
        Input Sync needed: False
        Output Sync needed: False
        SC shield enabled: False
        POR State: ANY
        LCD Mode: COMMON
        Register Mode: RegComb
        CaSense Mode: NEITHER
        Treat as pin: True
        Is OE Registered: False
        Uses Analog: True
        Can contain Digital: False
        Is SIO: False
        SIO Output Buf: NONREGULATED
        SIO Input Buf: SINGLE_ENDED
        SIO HiFreq: LOW
        SIO Hyst: DISABLED
        SIO Vtrip: MULTIPLIER_0_5
        SIO Multiplier Index: 0
        SIO RefSel: VCC_IO
        Required Capabilitites: ANALOG
        Initial Value: 0
        IO Voltage: 0
    PORT MAP (
        pa_out => \ADC_SAR_1:Bypass(0)\__PA ,
        analog_term => \ADC_SAR_1:Net_210\ ,
        pad => \ADC_SAR_1:Bypass(0)_PAD\ );
    Properties:
    {
    }

Port 1 contains the following IO cells:
[IoId=4]: 
Pin : Name = RX_2(0)
    Attributes:
        In Group/Port: True
        In Sync Option: NOSYNC
        Out Sync Option: AUTO
        Interrupt generated: False
        Interrupt mode: NONE
        Drive mode: HI_Z_DIGITAL
        VTrip: CMOS
        Slew: FAST
        Input Sync needed: False
        Output Sync needed: False
        SC shield enabled: False
        POR State: ANY
        LCD Mode: COMMON
        Register Mode: RegComb
        CaSense Mode: NEITHER
        Treat as pin: True
        Is OE Registered: False
        Uses Analog: False
        Can contain Digital: True
        Is SIO: False
        SIO Output Buf: NONREGULATED
        SIO Input Buf: SINGLE_ENDED
        SIO HiFreq: LOW
        SIO Hyst: DISABLED
        SIO Vtrip: MULTIPLIER_0_5
        SIO Multiplier Index: 0
        SIO RefSel: VCC_IO
        Required Capabilitites: DIGITAL, ROUTABLE
        Initial Value: 0
        IO Voltage: 0
    PORT MAP (
        pa_out => RX_2(0)__PA ,
        fb => Net_11 ,
        pad => RX_2(0)_PAD );
    Properties:
    {
    }

[IoId=5]: 
Pin : Name = TX_2(0)
    Attributes:
        In Group/Port: True
        In Sync Option: AUTO
        Out Sync Option: NOSYNC
        Interrupt generated: False
        Interrupt mode: NONE
        Drive mode: CMOS_OUT
        VTrip: EITHER
        Slew: FAST
        Input Sync needed: False
        Output Sync needed: False
        SC shield enabled: False
        POR State: ANY
        LCD Mode: COMMON
        Register Mode: RegComb
        CaSense Mode: NEITHER
        Treat as pin: True
        Is OE Registered: False
        Uses Analog: False
        Can contain Digital: True
        Is SIO: False
        SIO Output Buf: NONREGULATED
        SIO Input Buf: SINGLE_ENDED
        SIO HiFreq: LOW
        SIO Hyst: DISABLED
        SIO Vtrip: MULTIPLIER_0_5
        SIO Multiplier Index: 0
        SIO RefSel: VCC_IO
        Required Capabilitites: DIGITAL, ROUTABLE
        Initial Value: 0
        IO Voltage: 0
    PORT MAP (
        pa_out => TX_2(0)__PA ,
        input => Net_12 ,
        pad => TX_2(0)_PAD );
    Properties:
    {
    }

Port 2 is empty
Port 3 contains the following IO cells:
[IoId=0]: 
Pin : Name = one(0)
    Attributes:
        In Group/Port: True
        In Sync Option: AUTO
        Out Sync Option: AUTO
        Interrupt generated: False
        Interrupt mode: NONE
        Drive mode: HI_Z_ANALOG
        VTrip: EITHER
        Slew: FAST
        Input Sync needed: False
        Output Sync needed: False
        SC shield enabled: False
        POR State: ANY
        LCD Mode: COMMON
        Register Mode: RegComb
        CaSense Mode: NEITHER
        Treat as pin: True
        Is OE Registered: False
        Uses Analog: True
        Can contain Digital: False
        Is SIO: False
        SIO Output Buf: NONREGULATED
        SIO Input Buf: SINGLE_ENDED
        SIO HiFreq: LOW
        SIO Hyst: DISABLED
        SIO Vtrip: MULTIPLIER_0_5
        SIO Multiplier Index: 0
        SIO RefSel: VCC_IO
        Required Capabilitites: ANALOG
        Initial Value: 0
        IO Voltage: 0
    PORT MAP (
        pa_out => one(0)__PA ,
        analog_term => Net_1557 ,
        pad => one(0)_PAD ,
        input => AMux_1_Decoder_one_hot_0 );
    Properties:
    {
    }

[IoId=1]: 
Pin : Name = two(0)
    Attributes:
        In Group/Port: True
        In Sync Option: AUTO
        Out Sync Option: AUTO
        Interrupt generated: False
        Interrupt mode: NONE
        Drive mode: HI_Z_ANALOG
        VTrip: EITHER
        Slew: FAST
        Input Sync needed: False
        Output Sync needed: False
        SC shield enabled: False
        POR State: ANY
        LCD Mode: COMMON
        Register Mode: RegComb
        CaSense Mode: NEITHER
        Treat as pin: True
        Is OE Registered: False
        Uses Analog: True
        Can contain Digital: False
        Is SIO: False
        SIO Output Buf: NONREGULATED
        SIO Input Buf: SINGLE_ENDED
        SIO HiFreq: LOW
        SIO Hyst: DISABLED
        SIO Vtrip: MULTIPLIER_0_5
        SIO Multiplier Index: 0
        SIO RefSel: VCC_IO
        Required Capabilitites: ANALOG
        Initial Value: 0
        IO Voltage: 0
    PORT MAP (
        pa_out => two(0)__PA ,
        analog_term => Net_1610 ,
        pad => two(0)_PAD ,
        input => AMux_1_Decoder_one_hot_1 );
    Properties:
    {
    }

[IoId=3]: 
Pin : Name = three(0)
    Attributes:
        In Group/Port: True
        In Sync Option: AUTO
        Out Sync Option: AUTO
        Interrupt generated: False
        Interrupt mode: NONE
        Drive mode: HI_Z_ANALOG
        VTrip: EITHER
        Slew: FAST
        Input Sync needed: False
        Output Sync needed: False
        SC shield enabled: False
        POR State: ANY
        LCD Mode: COMMON
        Register Mode: RegComb
        CaSense Mode: NEITHER
        Treat as pin: True
        Is OE Registered: False
        Uses Analog: True
        Can contain Digital: False
        Is SIO: False
        SIO Output Buf: NONREGULATED
        SIO Input Buf: SINGLE_ENDED
        SIO HiFreq: LOW
        SIO Hyst: DISABLED
        SIO Vtrip: MULTIPLIER_0_5
        SIO Multiplier Index: 0
        SIO RefSel: VCC_IO
        Required Capabilitites: ANALOG
        Initial Value: 0
        IO Voltage: 0
    PORT MAP (
        pa_out => three(0)__PA ,
        analog_term => Net_1611 ,
        pad => three(0)_PAD ,
        input => AMux_1_Decoder_one_hot_2 );
    Properties:
    {
    }

[IoId=4]: 
Pin : Name = four(0)
    Attributes:
        In Group/Port: True
        In Sync Option: AUTO
        Out Sync Option: AUTO
        Interrupt generated: False
        Interrupt mode: NONE
        Drive mode: HI_Z_ANALOG
        VTrip: EITHER
        Slew: FAST
        Input Sync needed: False
        Output Sync needed: False
        SC shield enabled: False
        POR State: ANY
        LCD Mode: COMMON
        Register Mode: RegComb
        CaSense Mode: NEITHER
        Treat as pin: True
        Is OE Registered: False
        Uses Analog: True
        Can contain Digital: False
        Is SIO: False
        SIO Output Buf: NONREGULATED
        SIO Input Buf: SINGLE_ENDED
        SIO HiFreq: LOW
        SIO Hyst: DISABLED
        SIO Vtrip: MULTIPLIER_0_5
        SIO Multiplier Index: 0
        SIO RefSel: VCC_IO
        Required Capabilitites: ANALOG
        Initial Value: 0
        IO Voltage: 0
    PORT MAP (
        pa_out => four(0)__PA ,
        analog_term => Net_1612 ,
        pad => four(0)_PAD ,
        input => AMux_1_Decoder_one_hot_3 );
    Properties:
    {
    }

Port 12 is empty
Port 15 is empty
ARM group 0: empty
CAN 2.0b group 0: 
    CAN Block @ F(CAN,0): 
    cancell: Name =\CAN_1:CanIP\
        PORT MAP (
            clock => ClockBlock_BUS_CLK ,
            can_rx => Net_11 ,
            can_tx => Net_12 ,
            can_tx_en => Net_835 ,
            interrupt => Net_836 );
        Properties:
        {
            cy_registers = ""
        }
Cache group 0: empty
CapSense group 0: empty
Clock group 0: 
    Clock Block @ F(Clock,0): 
    clockblockcell: Name =ClockBlock
        PORT MAP (
            imo => ClockBlock_IMO ,
            pllout => ClockBlock_PLL_OUT ,
            ilo => ClockBlock_ILO ,
            clk_100k => ClockBlock_100k ,
            clk_1k => ClockBlock_1k ,
            clk_32k => ClockBlock_32k ,
            xtal => ClockBlock_XTAL ,
            clk_32k_xtal => ClockBlock_XTAL_32KHZ ,
            clk_sync => ClockBlock_MASTER_CLK ,
            clk_bus_glb => ClockBlock_BUS_CLK ,
            clk_bus => ClockBlock_BUS_CLK_local ,
            dclk_glb_0 => Net_1524 ,
            dclk_0 => Net_1524_local );
        Properties:
        {
        }
Comparator group 0: empty
Digital Filter Block group 0: empty
Delta-Sigma ADC group 0: empty
Decimator group 0: empty
EMIF group 0: empty
I2C group 0: empty
Segment LCD group 0: empty
LVD group 0: empty
PM group 0: empty
Analog (SC/CT) Blocks group 0: empty
SPC group 0: empty
Timer group 0: empty
USB group 0: empty
VIDAC group 0: empty
Opamp group 0: empty
CapSense Buffers group 0: empty
Vref group 0: 
    Vref Block @ F(Vref,13): 
    vrefcell: Name =\ADC_SAR_1:vRef_Vdda_1\
        PORT MAP (
            vout => \ADC_SAR_1:Net_235\ );
        Properties:
        {
            autoenable = 1
            guid = "4720866E-BC14-478d-B8A0-3E44F38CADAC"
            ignoresleep = 0
            name = "Vdda/2"
        }
LPF group 0: empty
SAR ADC group 0: 
    SAR Block @ F(SAR,0): 
    sarcell: Name =\ADC_SAR_1:ADC_SAR\
        PORT MAP (
            vplus => Net_771 ,
            vminus => \ADC_SAR_1:Net_126\ ,
            ext_pin => \ADC_SAR_1:Net_210\ ,
            vrefhi_out => \ADC_SAR_1:Net_126\ ,
            vref => \ADC_SAR_1:Net_235\ ,
            clk_udb => Net_1524_local ,
            irq => \ADC_SAR_1:Net_252\ ,
            next => Net_1542 ,
            data_out_udb_11 => \ADC_SAR_1:Net_207_11\ ,
            data_out_udb_10 => \ADC_SAR_1:Net_207_10\ ,
            data_out_udb_9 => \ADC_SAR_1:Net_207_9\ ,
            data_out_udb_8 => \ADC_SAR_1:Net_207_8\ ,
            data_out_udb_7 => \ADC_SAR_1:Net_207_7\ ,
            data_out_udb_6 => \ADC_SAR_1:Net_207_6\ ,
            data_out_udb_5 => \ADC_SAR_1:Net_207_5\ ,
            data_out_udb_4 => \ADC_SAR_1:Net_207_4\ ,
            data_out_udb_3 => \ADC_SAR_1:Net_207_3\ ,
            data_out_udb_2 => \ADC_SAR_1:Net_207_2\ ,
            data_out_udb_1 => \ADC_SAR_1:Net_207_1\ ,
            data_out_udb_0 => \ADC_SAR_1:Net_207_0\ ,
            eof_udb => Net_1533 );
        Properties:
        {
            cy_registers = ""
        }

Blocks not positioned by the digital component placer:
    Amux Block @ <No Location>: 
    amuxcell: Name =AMux_1
        PORT MAP (
            muxin_3 => Net_1612 ,
            muxin_2 => Net_1611 ,
            muxin_1 => Net_1610 ,
            muxin_0 => Net_1557 ,
            vout => Net_771 );
        Properties:
        {
            api_type = 2
            connect_mode = 1
            cy_registers = ""
            hw_control = 1
            init_mux_sel = "0000"
            muxin_width = 4
            one_active = 1
        }
</CYPRESSTAG>
<CYPRESSTAG name="Port Configuration Details">

------------------------------------------------------------
Port Configuration report
------------------------------------------------------------
     |     |       | Interrupt |                  |                       | 
Port | Pin | Fixed |      Type |       Drive Mode |                  Name | Connections
-----+-----+-------+-----------+------------------+-----------------------+-----------------------------------------------
   0 |   4 |     * |      NONE |      HI_Z_ANALOG | \ADC_SAR_1:Bypass(0)\ | Analog(\ADC_SAR_1:Net_210\)
-----+-----+-------+-----------+------------------+-----------------------+-----------------------------------------------
   1 |   4 |     * |      NONE |     HI_Z_DIGITAL |               RX_2(0) | FB(Net_11)
     |   5 |     * |      NONE |         CMOS_OUT |               TX_2(0) | In(Net_12)
-----+-----+-------+-----------+------------------+-----------------------+-----------------------------------------------
   3 |   0 |     * |      NONE |      HI_Z_ANALOG |                one(0) | In(AMux_1_Decoder_one_hot_0), Analog(Net_1557)
     |   1 |     * |      NONE |      HI_Z_ANALOG |                two(0) | In(AMux_1_Decoder_one_hot_1), Analog(Net_1610)
     |   3 |     * |      NONE |      HI_Z_ANALOG |              three(0) | In(AMux_1_Decoder_one_hot_2), Analog(Net_1611)
     |   4 |     * |      NONE |      HI_Z_ANALOG |               four(0) | In(AMux_1_Decoder_one_hot_3), Analog(Net_1612)
--------------------------------------------------------------------------------------------------------------------------
</CYPRESSTAG>
</CYPRESSTAG>
</CYPRESSTAG>
Digital component placer commit/Report: Elapsed time ==> 0s.000ms
Digital Placement phase: Elapsed time ==> 2s.770ms
</CYPRESSTAG>
<CYPRESSTAG name="Digital Routing">
Routing successful.
Digital Routing phase: Elapsed time ==> 3s.650ms
</CYPRESSTAG>
<CYPRESSTAG name="Bitstream Generation">
Bitstream Generation phase: Elapsed time ==> 1s.800ms
</CYPRESSTAG>
<CYPRESSTAG name="Bitstream Verification">
Bitstream Verification phase: Elapsed time ==> 0s.290ms
</CYPRESSTAG>
<CYPRESSTAG name="Static timing analysis">
Timing report is in C-CAN_timing.html.
Static timing analysis phase: Elapsed time ==> 0s.800ms
</CYPRESSTAG>
<CYPRESSTAG name="Data reporting">
Data reporting phase: Elapsed time ==> 0s.000ms
</CYPRESSTAG>
<CYPRESSTAG name="Database update...">
Design database save phase: Elapsed time ==> 0s.510ms
</CYPRESSTAG>
cydsfit: Elapsed time ==> 10s.510ms
</CYPRESSTAG>
Fitter phase: Elapsed time ==> 10s.510ms
API generation phase: Elapsed time ==> 6s.560ms
Dependency generation phase: Elapsed time ==> 0s.070ms
Cleanup phase: Elapsed time ==> 0s.009ms
